2026-03-18 15:52:14,653 [INFO] YOLO stream program started
2026-03-18 15:52:14,800 [INFO] YOLO model loaded: yolov8n.pt
2026-03-18 15:52:14,803 [INFO] Starting RealSense pipeline
2026-03-18 15:52:14,804 [INFO] Streaming on http://0.0.0.0:8000/stream
2026-03-18 15:52:15,326 [INFO] RealSense pipeline started successfully
2026-03-18 15:52:15,370 [INFO] [31m[1mWARNING: This is a development server. Do not use it in a production deployment. Use a production WSGI server instead.[0m
 * Running on all addresses (0.0.0.0)
 * Running on http://127.0.0.1:8000
 * Running on http://10.0.0.168:8000
2026-03-18 15:52:15,371 [INFO] [33mPress CTRL+C to quit[0m
2026-03-18 15:52:17,866 [INFO] 127.0.0.1 - - [18/Mar/2026 15:52:17] "GET / HTTP/1.1" 200 -
2026-03-18 15:52:17,919 [INFO] MJPEG stream client connected
2026-03-18 15:52:18,066 [INFO] FPS 0.3, detections 0, infer 2283.3 ms
2026-03-18 15:52:18,079 [INFO] 127.0.0.1 - - [18/Mar/2026 15:52:18] "GET /stream HTTP/1.1" 200 -
2026-03-18 15:52:18,327 [INFO] 127.0.0.1 - - [18/Mar/2026 15:52:18] "[33mGET /favicon.ico HTTP/1.1[0m" 404 -
2026-03-18 15:52:20,000 [INFO] FPS 0.5, detections 1, infer 1929.7 ms
2026-03-18 15:52:21,603 [INFO] FPS 0.6, detections 1, infer 1597.8 ms
2026-03-18 15:52:23,071 [INFO] FPS 0.7, detections 0, infer 1459.9 ms
2026-03-18 15:52:24,716 [INFO] FPS 0.6, detections 2, infer 1640.5 ms
2026-03-18 15:52:26,267 [INFO] FPS 0.6, detections 2, infer 1544.8 ms
2026-03-18 15:52:27,849 [INFO] FPS 0.6, detections 2, infer 1576.6 ms
2026-03-18 15:52:29,416 [INFO] FPS 0.6, detections 2, infer 1560.4 ms
2026-03-18 15:52:30,938 [INFO] FPS 0.7, detections 2, infer 1515.6 ms
2026-03-18 15:52:32,531 [INFO] FPS 0.6, detections 2, infer 1586.4 ms
2026-03-18 15:52:34,151 [INFO] FPS 0.6, detections 1, infer 1615.0 ms
2026-03-18 15:52:35,558 [INFO] FPS 0.7, detections 1, infer 1401.4 ms
2026-03-18 15:52:37,048 [INFO] FPS 0.7, detections 4, infer 1485.4 ms
2026-03-18 15:52:38,744 [INFO] FPS 0.6, detections 4, infer 1691.4 ms
2026-03-18 15:52:40,534 [INFO] FPS 0.6, detections 3, infer 1785.3 ms
2026-03-18 15:52:42,171 [INFO] FPS 0.6, detections 4, infer 1631.7 ms
2026-03-18 15:52:43,852 [INFO] FPS 0.6, detections 4, infer 1675.1 ms
2026-03-18 15:52:45,300 [INFO] FPS 0.7, detections 5, infer 1443.2 ms
2026-03-18 15:52:46,876 [INFO] FPS 0.6, detections 3, infer 1570.9 ms
2026-03-18 15:52:48,390 [INFO] FPS 0.7, detections 4, infer 1508.8 ms
2026-03-18 15:52:50,139 [INFO] FPS 0.6, detections 4, infer 1743.5 ms
2026-03-18 15:52:51,919 [INFO] FPS 0.6, detections 4, infer 1775.0 ms
2026-03-18 15:52:53,523 [INFO] FPS 0.6, detections 5, infer 1598.6 ms
2026-03-18 15:52:55,040 [INFO] FPS 0.7, detections 5, infer 1512.2 ms
2026-03-18 15:52:56,549 [INFO] FPS 0.7, detections 6, infer 1503.6 ms
2026-03-18 15:52:58,130 [INFO] FPS 0.6, detections 3, infer 1575.0 ms
2026-03-18 15:52:59,688 [INFO] FPS 0.6, detections 2, infer 1553.2 ms
2026-03-18 15:53:01,235 [INFO] FPS 0.6, detections 5, infer 1541.4 ms
2026-03-18 15:53:02,695 [INFO] FPS 0.7, detections 2, infer 1455.0 ms
2026-03-18 15:53:04,367 [INFO] FPS 0.6, detections 4, infer 1667.3 ms
2026-03-18 15:53:05,881 [INFO] FPS 0.7, detections 3, infer 1506.4 ms
2026-03-18 15:53:07,415 [INFO] FPS 0.7, detections 4, infer 1529.3 ms
2026-03-18 15:53:08,920 [INFO] FPS 0.7, detections 5, infer 1497.9 ms
2026-03-18 15:53:10,397 [INFO] FPS 0.7, detections 3, infer 1472.6 ms
2026-03-18 15:53:12,040 [INFO] FPS 0.6, detections 4, infer 1637.8 ms
2026-03-18 15:53:13,681 [INFO] FPS 0.6, detections 5, infer 1636.6 ms
2026-03-18 15:53:15,236 [INFO] FPS 0.6, detections 4, infer 1543.2 ms
2026-03-18 15:53:16,931 [INFO] FPS 0.6, detections 5, infer 1690.8 ms
2026-03-18 15:53:18,426 [INFO] FPS 0.7, detections 5, infer 1487.4 ms
2026-03-18 15:53:20,027 [INFO] FPS 0.6, detections 4, infer 1595.1 ms
2026-03-18 15:53:21,532 [INFO] FPS 0.7, detections 3, infer 1499.5 ms
2026-03-18 15:53:23,164 [INFO] FPS 0.6, detections 5, infer 1626.6 ms
2026-03-18 15:53:24,927 [INFO] FPS 0.6, detections 4, infer 1755.3 ms
2026-03-18 15:53:26,666 [INFO] FPS 0.6, detections 4, infer 1734.3 ms
2026-03-18 15:53:28,340 [INFO] FPS 0.6, detections 4, infer 1669.1 ms
2026-03-18 15:53:29,952 [INFO] FPS 0.6, detections 4, infer 1605.8 ms
2026-03-18 15:53:31,708 [INFO] FPS 0.6, detections 4, infer 1750.9 ms
2026-03-18 15:53:33,198 [INFO] FPS 0.7, detections 3, infer 1484.1 ms
2026-03-18 15:53:34,901 [INFO] FPS 0.6, detections 2, infer 1695.1 ms
2026-03-18 15:53:36,451 [INFO] FPS 0.6, detections 1, infer 1544.8 ms
2026-03-18 15:53:38,137 [INFO] FPS 0.6, detections 0, infer 1681.5 ms
2026-03-18 15:53:39,743 [INFO] FPS 0.6, detections 0, infer 1599.9 ms
2026-03-18 15:53:41,288 [INFO] FPS 0.6, detections 1, infer 1540.6 ms
2026-03-18 15:53:42,817 [INFO] FPS 0.7, detections 1, infer 1523.5 ms
2026-03-18 15:53:44,466 [INFO] FPS 0.6, detections 0, infer 1643.3 ms
2026-03-18 15:53:45,974 [INFO] FPS 0.7, detections 0, infer 1503.3 ms
2026-03-18 15:53:47,476 [INFO] FPS 0.7, detections 1, infer 1497.2 ms
2026-03-18 15:53:49,033 [INFO] FPS 0.6, detections 1, infer 1551.1 ms
2026-03-18 15:53:50,524 [INFO] FPS 0.7, detections 0, infer 1485.6 ms
2026-03-18 15:53:51,916 [INFO] FPS 0.7, detections 1, infer 1387.9 ms
2026-03-18 15:53:53,500 [INFO] FPS 0.6, detections 1, infer 1577.0 ms
2026-03-18 15:53:55,053 [INFO] FPS 0.6, detections 0, infer 1545.2 ms
2026-03-18 15:53:56,562 [INFO] FPS 0.7, detections 0, infer 1504.1 ms
2026-03-18 15:53:58,171 [INFO] FPS 0.6, detections 0, infer 1604.5 ms
2026-03-18 15:53:59,687 [INFO] FPS 0.7, detections 0, infer 1509.9 ms
2026-03-18 15:54:01,187 [INFO] FPS 0.7, detections 0, infer 1484.6 ms
2026-03-18 15:54:02,610 [INFO] FPS 0.7, detections 0, infer 1412.6 ms
2026-03-18 15:54:04,115 [INFO] FPS 0.7, detections 0, infer 1500.1 ms
2026-03-18 15:54:05,616 [INFO] FPS 0.7, detections 0, infer 1496.7 ms
2026-03-18 15:54:07,251 [INFO] FPS 0.6, detections 0, infer 1628.4 ms
2026-03-18 15:54:08,829 [INFO] FPS 0.6, detections 0, infer 1572.5 ms
2026-03-18 15:54:10,399 [INFO] FPS 0.6, detections 0, infer 1564.7 ms
2026-03-18 15:54:11,890 [INFO] FPS 0.7, detections 0, infer 1485.6 ms
2026-03-18 15:54:13,492 [INFO] FPS 0.6, detections 0, infer 1596.4 ms
2026-03-18 15:54:15,071 [INFO] FPS 0.6, detections 0, infer 1572.8 ms
2026-03-18 15:54:16,709 [INFO] FPS 0.6, detections 0, infer 1632.6 ms
2026-03-18 15:54:18,116 [INFO] FPS 0.7, detections 0, infer 1401.7 ms
2026-03-18 15:54:19,643 [INFO] FPS 0.7, detections 0, infer 1522.5 ms
2026-03-18 15:54:21,178 [INFO] FPS 0.7, detections 0, infer 1529.9 ms
2026-03-18 15:54:22,761 [INFO] FPS 0.6, detections 0, infer 1577.1 ms
2026-03-18 15:54:24,335 [INFO] FPS 0.6, detections 0, infer 1567.6 ms
2026-03-18 15:54:25,829 [INFO] FPS 0.7, detections 0, infer 1488.3 ms
2026-03-18 15:54:27,273 [INFO] FPS 0.7, detections 0, infer 1437.3 ms
2026-03-18 15:54:28,797 [INFO] FPS 0.7, detections 0, infer 1518.8 ms
2026-03-18 15:54:30,422 [INFO] FPS 0.6, detections 0, infer 1620.2 ms
2026-03-18 15:54:31,995 [INFO] FPS 0.6, detections 0, infer 1565.8 ms
2026-03-18 15:54:33,578 [INFO] FPS 0.6, detections 0, infer 1577.2 ms
2026-03-18 15:54:35,040 [INFO] FPS 0.7, detections 0, infer 1456.0 ms
2026-03-18 15:54:36,576 [INFO] FPS 0.7, detections 1, infer 1529.5 ms
2026-03-18 15:54:38,065 [INFO] FPS 0.7, detections 1, infer 1482.5 ms
2026-03-18 15:54:39,691 [INFO] FPS 0.6, detections 0, infer 1620.0 ms
2026-03-18 15:54:41,179 [INFO] FPS 0.7, detections 0, infer 1481.8 ms
2026-03-18 15:54:42,797 [INFO] FPS 0.6, detections 0, infer 1613.0 ms
2026-03-18 15:54:44,251 [INFO] FPS 0.7, detections 0, infer 1449.0 ms
2026-03-18 15:54:45,858 [INFO] FPS 0.6, detections 0, infer 1602.6 ms
2026-03-18 15:54:47,358 [INFO] FPS 0.7, detections 0, infer 1495.4 ms
2026-03-18 15:54:48,859 [INFO] FPS 0.7, detections 0, infer 1495.8 ms
2026-03-18 15:54:50,271 [INFO] FPS 0.7, detections 0, infer 1405.8 ms
2026-03-18 15:54:51,721 [INFO] FPS 0.7, detections 0, infer 1443.9 ms
2026-03-18 15:54:53,264 [INFO] FPS 0.6, detections 0, infer 1536.8 ms
2026-03-18 15:54:54,712 [INFO] FPS 0.7, detections 0, infer 1442.5 ms
2026-03-18 15:54:56,243 [INFO] FPS 0.7, detections 0, infer 1525.7 ms
2026-03-18 15:54:57,767 [INFO] FPS 0.7, detections 0, infer 1518.4 ms
2026-03-18 15:54:59,301 [INFO] FPS 0.7, detections 0, infer 1529.1 ms
2026-03-18 15:55:00,743 [INFO] FPS 0.7, detections 0, infer 1437.5 ms
2026-03-18 15:55:02,322 [INFO] FPS 0.6, detections 0, infer 1573.6 ms
2026-03-18 15:55:03,855 [INFO] FPS 0.7, detections 0, infer 1527.5 ms
2026-03-18 15:55:05,278 [INFO] FPS 0.7, detections 0, infer 1418.1 ms
2026-03-18 15:55:06,831 [INFO] FPS 0.6, detections 0, infer 1548.1 ms
2026-03-18 15:55:08,290 [INFO] FPS 0.7, detections 1, infer 1453.1 ms
2026-03-18 15:55:09,965 [INFO] FPS 0.6, detections 2, infer 1669.4 ms
2026-03-18 15:55:11,405 [INFO] FPS 0.7, detections 1, infer 1434.6 ms
2026-03-18 15:55:12,974 [INFO] FPS 0.6, detections 1, infer 1563.8 ms
2026-03-18 15:55:14,544 [INFO] FPS 0.6, detections 2, infer 1565.0 ms
2026-03-18 15:55:16,137 [INFO] FPS 0.6, detections 1, infer 1586.9 ms
2026-03-18 15:55:17,616 [INFO] FPS 0.7, detections 1, infer 1473.2 ms
2026-03-18 15:55:19,169 [INFO] FPS 0.6, detections 1, infer 1547.8 ms
2026-03-18 15:55:20,638 [INFO] FPS 0.7, detections 1, infer 1463.1 ms
2026-03-18 15:55:22,094 [INFO] FPS 0.7, detections 1, infer 1450.4 ms
2026-03-18 15:55:23,623 [INFO] FPS 0.7, detections 1, infer 1520.0 ms
2026-03-18 15:55:25,167 [INFO] FPS 0.6, detections 1, infer 1539.2 ms
2026-03-18 15:55:26,666 [INFO] FPS 0.7, detections 1, infer 1494.5 ms
2026-03-18 15:55:28,109 [INFO] FPS 0.7, detections 1, infer 1437.5 ms
2026-03-18 15:55:29,644 [INFO] FPS 0.7, detections 1, infer 1530.4 ms
2026-03-18 15:55:31,056 [INFO] FPS 0.7, detections 1, infer 1406.8 ms
2026-03-18 15:55:32,463 [INFO] FPS 0.7, detections 1, infer 1401.7 ms
2026-03-18 15:55:34,000 [INFO] FPS 0.7, detections 1, infer 1526.4 ms
2026-03-18 15:55:35,422 [INFO] FPS 0.7, detections 1, infer 1417.1 ms
2026-03-18 15:55:36,933 [INFO] FPS 0.7, detections 1, infer 1505.9 ms
2026-03-18 15:55:38,392 [INFO] FPS 0.7, detections 1, infer 1446.4 ms
2026-03-18 15:55:39,902 [INFO] FPS 0.7, detections 1, infer 1505.4 ms
2026-03-18 15:55:41,520 [INFO] FPS 0.6, detections 0, infer 1609.9 ms
2026-03-18 15:55:43,137 [INFO] FPS 0.6, detections 1, infer 1611.8 ms
2026-03-18 15:55:44,612 [INFO] FPS 0.7, detections 1, infer 1469.3 ms
2026-03-18 15:55:46,133 [INFO] FPS 0.7, detections 0, infer 1515.1 ms
2026-03-18 15:55:47,677 [INFO] FPS 0.6, detections 0, infer 1538.6 ms
2026-03-18 15:55:49,142 [INFO] FPS 0.7, detections 1, infer 1460.4 ms
2026-03-18 15:55:50,709 [INFO] FPS 0.6, detections 1, infer 1561.4 ms
2026-03-18 15:55:52,184 [INFO] FPS 0.7, detections 1, infer 1470.3 ms
2026-03-18 15:55:53,731 [INFO] FPS 0.6, detections 1, infer 1541.7 ms
2026-03-18 15:55:55,166 [INFO] FPS 0.7, detections 1, infer 1429.1 ms
2026-03-18 15:55:56,742 [INFO] FPS 0.6, detections 1, infer 1570.3 ms
2026-03-18 15:55:58,232 [INFO] FPS 0.7, detections 1, infer 1484.7 ms
2026-03-18 15:55:59,760 [INFO] FPS 0.7, detections 1, infer 1522.4 ms
2026-03-18 15:56:01,151 [INFO] FPS 0.7, detections 0, infer 1383.8 ms
2026-03-18 15:56:02,634 [INFO] FPS 0.7, detections 0, infer 1477.6 ms
2026-03-18 15:56:04,159 [INFO] FPS 0.7, detections 0, infer 1520.0 ms
2026-03-18 15:56:05,606 [INFO] FPS 0.7, detections 0, infer 1442.0 ms
2026-03-18 15:56:07,013 [INFO] FPS 0.7, detections 0, infer 1400.0 ms
2026-03-18 15:56:08,527 [INFO] FPS 0.7, detections 0, infer 1508.8 ms
2026-03-18 15:56:10,072 [INFO] FPS 0.6, detections 1, infer 1538.8 ms
2026-03-18 15:56:11,643 [INFO] FPS 0.6, detections 1, infer 1565.6 ms
2026-03-18 15:56:13,015 [INFO] FPS 0.7, detections 0, infer 1365.9 ms
2026-03-18 15:56:14,564 [INFO] FPS 0.6, detections 0, infer 1544.6 ms
2026-03-18 15:56:16,080 [INFO] FPS 0.7, detections 0, infer 1510.1 ms
2026-03-18 15:56:17,653 [INFO] FPS 0.6, detections 0, infer 1566.9 ms
2026-03-18 15:56:19,025 [INFO] FPS 0.7, detections 0, infer 1366.1 ms
2026-03-18 15:56:20,415 [INFO] FPS 0.7, detections 0, infer 1385.3 ms
2026-03-18 15:56:21,984 [INFO] FPS 0.6, detections 0, infer 1563.2 ms
2026-03-18 15:56:23,416 [INFO] FPS 0.7, detections 0, infer 1426.6 ms
2026-03-18 15:56:24,796 [INFO] FPS 0.7, detections 0, infer 1374.6 ms
2026-03-18 15:56:26,284 [INFO] FPS 0.7, detections 0, infer 1473.5 ms
2026-03-18 15:56:27,829 [INFO] FPS 0.6, detections 0, infer 1539.1 ms
2026-03-18 15:56:29,425 [INFO] FPS 0.6, detections 0, infer 1590.7 ms
2026-03-18 15:56:30,872 [INFO] FPS 0.7, detections 0, infer 1441.8 ms
2026-03-18 15:56:32,420 [INFO] FPS 0.6, detections 0, infer 1542.3 ms
2026-03-18 15:56:33,904 [INFO] FPS 0.7, detections 0, infer 1478.9 ms
2026-03-18 15:56:35,535 [INFO] FPS 0.6, detections 0, infer 1625.8 ms
2026-03-18 15:56:36,930 [INFO] FPS 0.7, detections 0, infer 1388.8 ms
2026-03-18 15:56:38,553 [INFO] FPS 0.6, detections 0, infer 1617.4 ms
2026-03-18 15:56:40,023 [INFO] FPS 0.7, detections 0, infer 1464.4 ms
2026-03-18 15:56:42,070 [INFO] FPS 0.5, detections 0, infer 2041.6 ms
2026-03-18 15:56:43,707 [INFO] FPS 0.6, detections 0, infer 1630.9 ms
2026-03-18 15:56:45,144 [INFO] FPS 0.7, detections 0, infer 1431.9 ms
2026-03-18 15:58:11,028 [INFO] YOLO stream program started
2026-03-18 15:58:11,222 [INFO] YOLO model loaded: yolo11n.pt
2026-03-18 15:58:11,225 [INFO] Starting RealSense pipeline
2026-03-18 15:58:11,225 [INFO] Streaming on http://0.0.0.0:8000/stream
2026-03-18 15:58:11,697 [INFO] RealSense pipeline started successfully
2026-03-18 15:58:11,731 [INFO] [31m[1mWARNING: This is a development server. Do not use it in a production deployment. Use a production WSGI server instead.[0m
 * Running on all addresses (0.0.0.0)
 * Running on http://127.0.0.1:8000
 * Running on http://10.0.0.168:8000
2026-03-18 15:58:11,731 [INFO] [33mPress CTRL+C to quit[0m
2026-03-18 15:58:13,699 [INFO] 127.0.0.1 - - [18/Mar/2026 15:58:13] "GET / HTTP/1.1" 200 -
2026-03-18 15:58:13,730 [INFO] MJPEG stream client connected
2026-03-18 15:58:13,837 [INFO] 127.0.0.1 - - [18/Mar/2026 15:58:13] "GET /stream HTTP/1.1" 200 -
2026-03-18 15:58:14,153 [INFO] FPS 0.3, detections 1, infer 2003.1 ms
2026-03-18 15:58:15,833 [INFO] FPS 0.6, detections 3, infer 1675.7 ms
2026-03-18 15:58:17,227 [INFO] FPS 0.7, detections 1, infer 1388.5 ms
2026-03-18 15:58:18,703 [INFO] FPS 0.7, detections 1, infer 1469.5 ms
2026-03-18 15:58:20,303 [INFO] FPS 0.6, detections 2, infer 1594.8 ms
2026-03-18 15:58:21,773 [INFO] FPS 0.7, detections 0, infer 1464.9 ms
2026-03-18 15:58:23,451 [INFO] FPS 0.6, detections 1, infer 1671.8 ms
2026-03-18 15:58:24,957 [INFO] FPS 0.7, detections 1, infer 1500.0 ms
2026-03-18 15:58:26,542 [INFO] FPS 0.6, detections 1, infer 1580.8 ms
2026-03-18 15:58:28,194 [INFO] FPS 0.6, detections 1, infer 1646.9 ms
2026-03-18 15:58:29,959 [INFO] FPS 0.6, detections 2, infer 1759.2 ms
2026-03-18 15:58:31,747 [INFO] FPS 0.6, detections 2, infer 1776.9 ms
2026-03-18 15:58:33,409 [INFO] FPS 0.6, detections 2, infer 1656.4 ms
2026-03-18 15:58:35,131 [INFO] FPS 0.6, detections 4, infer 1715.7 ms
2026-03-18 15:58:36,509 [INFO] FPS 0.7, detections 4, infer 1373.1 ms
2026-03-18 15:58:37,758 [INFO] FPS 0.8, detections 4, infer 1243.7 ms
2026-03-18 15:58:39,361 [INFO] FPS 0.6, detections 4, infer 1598.6 ms
2026-03-18 15:58:40,982 [INFO] FPS 0.6, detections 4, infer 1613.3 ms
2026-03-18 15:58:42,425 [INFO] FPS 0.7, detections 3, infer 1437.7 ms
2026-03-18 15:58:43,817 [INFO] FPS 0.7, detections 4, infer 1388.2 ms
2026-03-18 15:58:45,271 [INFO] FPS 0.7, detections 3, infer 1448.8 ms
2026-03-18 15:58:46,717 [INFO] FPS 0.7, detections 1, infer 1440.8 ms
2026-03-18 15:58:48,443 [INFO] FPS 0.6, detections 1, infer 1721.0 ms
2026-03-18 15:58:50,064 [INFO] FPS 0.6, detections 1, infer 1614.8 ms
2026-03-18 15:58:51,786 [INFO] FPS 0.6, detections 3, infer 1716.6 ms
2026-03-18 15:58:53,371 [INFO] FPS 0.6, detections 2, infer 1579.9 ms
2026-03-18 15:58:54,884 [INFO] FPS 0.7, detections 2, infer 1492.9 ms
2026-03-18 15:58:56,367 [INFO] FPS 0.7, detections 3, infer 1478.2 ms
2026-03-18 15:58:57,914 [INFO] FPS 0.6, detections 4, infer 1541.4 ms
2026-03-18 15:58:59,383 [INFO] FPS 0.7, detections 3, infer 1463.0 ms
2026-03-18 15:59:01,034 [INFO] FPS 0.6, detections 3, infer 1645.0 ms
2026-03-18 15:59:02,571 [INFO] FPS 0.7, detections 3, infer 1530.6 ms
2026-03-18 15:59:04,059 [INFO] FPS 0.7, detections 4, infer 1481.6 ms
2026-03-18 15:59:05,564 [INFO] FPS 0.7, detections 3, infer 1500.6 ms
2026-03-18 15:59:07,138 [INFO] FPS 0.6, detections 3, infer 1568.6 ms
2026-03-18 15:59:08,699 [INFO] FPS 0.6, detections 3, infer 1556.0 ms
2026-03-18 15:59:10,260 [INFO] FPS 0.6, detections 3, infer 1555.2 ms
2026-03-18 15:59:11,603 [INFO] FPS 0.7, detections 3, infer 1338.8 ms
2026-03-18 15:59:13,044 [INFO] FPS 0.7, detections 2, infer 1436.0 ms
2026-03-18 15:59:14,629 [INFO] FPS 0.6, detections 2, infer 1578.5 ms
2026-03-18 15:59:16,026 [INFO] FPS 0.7, detections 2, infer 1392.7 ms
2026-03-18 15:59:17,280 [INFO] FPS 0.8, detections 1, infer 1248.7 ms
2026-03-18 15:59:18,884 [INFO] FPS 0.6, detections 1, infer 1599.1 ms
2026-03-18 15:59:20,719 [INFO] FPS 0.5, detections 1, infer 1830.1 ms
2026-03-18 15:59:22,352 [INFO] FPS 0.6, detections 2, infer 1627.6 ms
2026-03-18 15:59:23,876 [INFO] FPS 0.7, detections 3, infer 1518.4 ms
2026-03-18 15:59:25,262 [INFO] FPS 0.7, detections 3, infer 1381.3 ms
2026-03-18 15:59:26,670 [INFO] FPS 0.7, detections 3, infer 1401.7 ms
2026-03-18 15:59:28,176 [INFO] FPS 0.7, detections 3, infer 1501.7 ms
2026-03-18 15:59:29,674 [INFO] FPS 0.7, detections 3, infer 1492.7 ms
2026-03-18 15:59:31,226 [INFO] FPS 0.6, detections 3, infer 1547.0 ms
2026-03-18 15:59:32,619 [INFO] FPS 0.7, detections 3, infer 1388.6 ms
2026-03-18 15:59:34,034 [INFO] FPS 0.7, detections 3, infer 1409.1 ms
2026-03-18 15:59:35,555 [INFO] FPS 0.7, detections 3, infer 1513.6 ms
2026-03-18 15:59:37,028 [INFO] FPS 0.7, detections 3, infer 1468.2 ms
2026-03-18 15:59:38,556 [INFO] FPS 0.7, detections 3, infer 1523.2 ms
2026-03-18 15:59:40,091 [INFO] FPS 0.7, detections 3, infer 1530.1 ms
2026-03-18 15:59:41,651 [INFO] FPS 0.6, detections 3, infer 1554.5 ms
2026-03-18 15:59:43,110 [INFO] FPS 0.7, detections 3, infer 1453.3 ms
2026-03-18 15:59:44,598 [INFO] FPS 0.7, detections 3, infer 1483.5 ms
2026-03-18 15:59:46,010 [INFO] FPS 0.7, detections 4, infer 1398.6 ms
2026-03-18 15:59:47,482 [INFO] FPS 0.7, detections 3, infer 1465.8 ms
2026-03-18 15:59:49,056 [INFO] FPS 0.6, detections 3, infer 1568.2 ms
2026-03-18 15:59:50,427 [INFO] FPS 0.7, detections 5, infer 1365.7 ms
2026-03-18 15:59:51,918 [INFO] FPS 0.7, detections 5, infer 1486.3 ms
2026-03-18 15:59:53,395 [INFO] FPS 0.7, detections 3, infer 1458.5 ms
2026-03-18 15:59:54,895 [INFO] FPS 0.7, detections 3, infer 1495.1 ms
2026-03-18 15:59:56,392 [INFO] FPS 0.7, detections 3, infer 1491.7 ms
2026-03-18 15:59:57,795 [INFO] FPS 0.7, detections 3, infer 1396.9 ms
2026-03-18 15:59:59,377 [INFO] FPS 0.6, detections 2, infer 1577.7 ms
2026-03-18 16:00:00,869 [INFO] FPS 0.7, detections 3, infer 1486.0 ms
2026-03-18 16:00:02,455 [INFO] FPS 0.6, detections 3, infer 1580.6 ms
2026-03-18 16:00:04,037 [INFO] FPS 0.6, detections 3, infer 1573.5 ms
2026-03-18 16:00:05,612 [INFO] FPS 0.6, detections 4, infer 1569.8 ms
2026-03-18 16:00:07,072 [INFO] FPS 0.7, detections 2, infer 1454.9 ms
2026-03-18 16:00:08,622 [INFO] FPS 0.6, detections 1, infer 1544.5 ms
2026-03-18 16:00:10,168 [INFO] FPS 0.6, detections 1, infer 1540.2 ms
2026-03-18 16:00:11,704 [INFO] FPS 0.7, detections 1, infer 1531.6 ms
2026-03-18 16:00:13,152 [INFO] FPS 0.7, detections 1, infer 1441.1 ms
2026-03-18 16:00:14,587 [INFO] FPS 0.7, detections 1, infer 1430.3 ms
2026-03-18 16:00:16,064 [INFO] FPS 0.7, detections 1, infer 1471.6 ms
2026-03-18 16:00:17,521 [INFO] FPS 0.7, detections 1, infer 1451.2 ms
2026-03-18 16:00:19,091 [INFO] FPS 0.6, detections 1, infer 1565.1 ms
2026-03-18 16:00:20,550 [INFO] FPS 0.7, detections 2, infer 1453.1 ms
2026-03-18 16:00:22,209 [INFO] FPS 0.6, detections 1, infer 1653.9 ms
2026-03-18 16:00:23,684 [INFO] FPS 0.7, detections 1, infer 1467.4 ms
2026-03-18 16:00:25,162 [INFO] FPS 0.7, detections 1, infer 1473.0 ms
2026-03-18 16:00:26,747 [INFO] FPS 0.6, detections 1, infer 1580.1 ms
2026-03-18 16:00:28,418 [INFO] FPS 0.6, detections 1, infer 1665.1 ms
2026-03-18 16:00:29,976 [INFO] FPS 0.6, detections 2, infer 1547.9 ms
2026-03-18 16:00:31,449 [INFO] FPS 0.7, detections 1, infer 1466.8 ms
2026-03-18 16:00:32,968 [INFO] FPS 0.7, detections 1, infer 1513.8 ms
2026-03-18 16:00:34,434 [INFO] FPS 0.7, detections 1, infer 1461.6 ms
2026-03-18 16:00:36,064 [INFO] FPS 0.6, detections 1, infer 1625.7 ms
2026-03-18 16:00:37,572 [INFO] FPS 0.7, detections 2, infer 1502.3 ms
2026-03-18 16:00:39,079 [INFO] FPS 0.7, detections 2, infer 1501.8 ms
2026-03-18 16:00:40,669 [INFO] FPS 0.6, detections 3, infer 1584.5 ms
2026-03-18 16:00:42,233 [INFO] FPS 0.6, detections 3, infer 1558.0 ms
2026-03-18 16:00:43,705 [INFO] FPS 0.7, detections 3, infer 1467.1 ms
2026-03-18 16:00:45,086 [INFO] FPS 0.7, detections 2, infer 1375.7 ms
2026-03-18 16:00:46,693 [INFO] FPS 0.6, detections 4, infer 1601.7 ms
2026-03-18 16:00:48,165 [INFO] FPS 0.7, detections 4, infer 1466.1 ms
2026-03-18 16:00:49,735 [INFO] FPS 0.6, detections 3, infer 1564.9 ms
2026-03-18 16:00:51,183 [INFO] FPS 0.7, detections 2, infer 1442.9 ms
2026-03-18 16:00:52,670 [INFO] FPS 0.7, detections 2, infer 1482.1 ms
2026-03-18 16:00:54,145 [INFO] FPS 0.7, detections 2, infer 1469.5 ms
2026-03-18 16:00:55,548 [INFO] FPS 0.7, detections 2, infer 1397.9 ms
2026-03-18 16:00:57,095 [INFO] FPS 0.6, detections 1, infer 1542.3 ms
2026-03-18 16:00:58,676 [INFO] FPS 0.6, detections 1, infer 1576.3 ms
2026-03-18 16:01:00,367 [INFO] FPS 0.6, detections 2, infer 1685.5 ms
2026-03-18 16:01:01,803 [INFO] FPS 0.7, detections 2, infer 1430.7 ms
2026-03-18 16:01:03,381 [INFO] FPS 0.6, detections 2, infer 1570.6 ms
2026-03-18 16:01:04,802 [INFO] FPS 0.7, detections 1, infer 1415.4 ms
2026-03-18 16:01:06,436 [INFO] FPS 0.6, detections 2, infer 1628.0 ms
2026-03-18 16:01:08,078 [INFO] FPS 0.6, detections 0, infer 1635.4 ms
2026-03-18 16:01:09,603 [INFO] FPS 0.7, detections 1, infer 1519.5 ms
2026-03-18 16:01:11,744 [INFO] FPS 0.5, detections 1, infer 2133.8 ms
2026-03-18 16:14:25,132 [INFO] YOLO stream program started
2026-03-18 16:14:28,458 [INFO] YOLO model loaded: yolo11n.pt
2026-03-18 16:14:28,462 [INFO] Starting RealSense pipeline
2026-03-18 16:14:28,462 [INFO] Streaming on http://0.0.0.0:8000/stream
2026-03-18 16:14:29,158 [INFO] RealSense pipeline started successfully
2026-03-18 16:14:29,195 [INFO] [31m[1mWARNING: This is a development server. Do not use it in a production deployment. Use a production WSGI server instead.[0m
 * Running on all addresses (0.0.0.0)
 * Running on http://127.0.0.1:8000
 * Running on http://10.0.0.168:8000
2026-03-18 16:14:29,196 [INFO] [33mPress CTRL+C to quit[0m
2026-03-18 16:14:31,035 [INFO] FPS 0.4, detections 1, infer 1326.6 ms
2026-03-18 16:14:32,660 [INFO] FPS 1.8, detections 0, infer 685.6 ms
2026-03-18 16:14:33,985 [INFO] FPS 2.3, detections 0, infer 444.3 ms
2026-03-18 16:14:34,260 [INFO] MJPEG stream client connected
2026-03-18 16:14:34,263 [INFO] 127.0.0.1 - - [18/Mar/2026 16:14:34] "GET /stream HTTP/1.1" 200 -
2026-03-18 16:14:35,326 [INFO] FPS 1.5, detections 0, infer 779.7 ms
2026-03-18 16:14:36,988 [INFO] FPS 1.2, detections 0, infer 771.4 ms
2026-03-18 16:14:38,415 [INFO] FPS 1.4, detections 0, infer 649.2 ms
2026-03-18 16:14:39,944 [INFO] FPS 1.3, detections 1, infer 770.5 ms
2026-03-18 16:14:41,179 [INFO] FPS 1.6, detections 0, infer 644.1 ms
2026-03-18 16:14:42,543 [INFO] FPS 1.5, detections 0, infer 691.5 ms
2026-03-18 16:14:44,005 [INFO] FPS 1.4, detections 0, infer 714.2 ms
2026-03-18 16:14:45,524 [INFO] FPS 1.3, detections 0, infer 890.2 ms
2026-03-18 16:14:46,887 [INFO] FPS 1.5, detections 1, infer 644.1 ms
2026-03-18 16:14:48,252 [INFO] FPS 1.5, detections 2, infer 663.6 ms
2026-03-18 16:14:49,569 [INFO] FPS 1.5, detections 1, infer 672.3 ms
2026-03-18 16:14:51,141 [INFO] FPS 1.3, detections 0, infer 714.9 ms
2026-03-18 16:14:52,314 [INFO] FPS 1.7, detections 0, infer 568.4 ms
2026-03-18 16:14:53,578 [INFO] FPS 1.6, detections 1, infer 687.4 ms
2026-03-18 16:14:54,906 [INFO] FPS 1.5, detections 1, infer 646.2 ms
2026-03-18 16:14:56,128 [INFO] FPS 1.6, detections 1, infer 519.3 ms
2026-03-18 16:14:57,631 [INFO] FPS 1.3, detections 1, infer 708.5 ms
2026-03-18 16:14:59,083 [INFO] FPS 1.4, detections 1, infer 876.1 ms
2026-03-18 16:15:00,340 [INFO] FPS 1.6, detections 1, infer 599.3 ms
2026-03-18 16:15:01,710 [INFO] FPS 1.5, detections 1, infer 639.2 ms
2026-03-18 16:15:03,073 [INFO] FPS 1.5, detections 1, infer 825.1 ms
2026-03-18 16:15:04,295 [INFO] FPS 1.6, detections 1, infer 594.3 ms
2026-03-18 16:15:05,557 [INFO] FPS 1.6, detections 1, infer 557.8 ms
2026-03-18 16:15:06,888 [INFO] FPS 1.5, detections 1, infer 655.1 ms
2026-03-18 16:15:08,121 [INFO] FPS 1.6, detections 1, infer 626.1 ms
2026-03-18 16:15:09,509 [INFO] FPS 1.4, detections 1, infer 766.3 ms
2026-03-18 16:15:10,676 [INFO] FPS 1.7, detections 1, infer 662.4 ms
2026-03-18 16:15:11,784 [INFO] FPS 1.8, detections 1, infer 410.3 ms
2026-03-18 16:15:13,191 [INFO] FPS 1.4, detections 1, infer 660.6 ms
2026-03-18 16:15:14,400 [INFO] FPS 1.7, detections 1, infer 616.9 ms
2026-03-18 16:15:15,765 [INFO] FPS 1.5, detections 1, infer 714.7 ms
2026-03-18 16:15:16,946 [INFO] FPS 1.7, detections 1, infer 611.8 ms
2026-03-18 16:15:18,194 [INFO] FPS 1.6, detections 1, infer 420.5 ms
2026-03-18 16:15:19,718 [INFO] FPS 1.3, detections 1, infer 753.6 ms
2026-03-18 16:15:20,801 [INFO] FPS 1.8, detections 1, infer 639.6 ms
2026-03-18 16:15:22,079 [INFO] FPS 1.6, detections 1, infer 712.9 ms
2026-03-18 16:15:23,228 [INFO] FPS 1.7, detections 1, infer 617.9 ms
2026-03-18 16:15:24,471 [INFO] FPS 1.6, detections 1, infer 459.6 ms
2026-03-18 16:15:25,982 [INFO] FPS 1.3, detections 0, infer 730.2 ms
2026-03-18 16:15:27,230 [INFO] FPS 1.6, detections 1, infer 719.9 ms
2026-03-18 16:15:28,531 [INFO] FPS 1.5, detections 1, infer 590.9 ms
2026-03-18 16:15:29,792 [INFO] FPS 1.6, detections 1, infer 734.2 ms
2026-03-18 16:15:31,048 [INFO] FPS 1.6, detections 1, infer 490.4 ms
2026-03-18 16:15:32,495 [INFO] FPS 1.4, detections 1, infer 804.3 ms
2026-03-18 16:15:34,256 [INFO] FPS 1.7, detections 1, infer 762.6 ms
2026-03-18 16:15:35,337 [INFO] FPS 1.9, detections 1, infer 427.1 ms
2026-03-18 16:15:36,607 [INFO] FPS 1.6, detections 1, infer 695.1 ms
2026-03-18 16:15:37,720 [INFO] FPS 1.8, detections 1, infer 477.8 ms
2026-03-18 16:15:39,074 [INFO] FPS 1.5, detections 1, infer 620.7 ms
2026-03-18 16:15:40,099 [INFO] FPS 2.0, detections 1, infer 564.3 ms
2026-03-18 16:15:41,533 [INFO] FPS 1.4, detections 1, infer 702.3 ms
2026-03-18 16:15:42,710 [INFO] FPS 1.7, detections 1, infer 792.6 ms
2026-03-18 16:15:43,876 [INFO] FPS 1.7, detections 1, infer 489.8 ms
2026-03-18 16:15:45,056 [INFO] FPS 1.7, detections 1, infer 717.9 ms
2026-03-18 16:15:46,172 [INFO] FPS 1.8, detections 1, infer 464.9 ms
2026-03-18 16:15:47,393 [INFO] FPS 1.6, detections 1, infer 683.8 ms
2026-03-18 16:15:48,496 [INFO] FPS 1.8, detections 1, infer 310.3 ms
2026-03-18 16:15:49,973 [INFO] FPS 1.4, detections 1, infer 718.0 ms
2026-03-18 16:15:51,082 [INFO] FPS 1.8, detections 1, infer 538.6 ms
2026-03-18 16:15:52,381 [INFO] FPS 1.5, detections 1, infer 674.4 ms
2026-03-18 16:15:53,449 [INFO] FPS 1.9, detections 1, infer 495.9 ms
2026-03-18 16:15:54,861 [INFO] FPS 1.4, detections 1, infer 713.1 ms
2026-03-18 16:15:56,516 [INFO] FPS 1.8, detections 1, infer 673.8 ms
2026-03-18 16:15:57,695 [INFO] FPS 1.7, detections 1, infer 383.8 ms
2026-03-18 16:15:59,137 [INFO] FPS 1.4, detections 1, infer 725.3 ms
2026-03-18 16:16:00,734 [INFO] FPS 1.9, detections 1, infer 623.8 ms
2026-03-18 16:16:02,078 [INFO] FPS 1.5, detections 1, infer 604.2 ms
2026-03-18 16:16:03,361 [INFO] FPS 1.6, detections 1, infer 716.3 ms
2026-03-18 16:16:04,546 [INFO] FPS 1.7, detections 1, infer 519.2 ms
2026-03-18 16:16:05,640 [INFO] FPS 1.8, detections 1, infer 746.4 ms
2026-03-18 16:16:06,862 [INFO] FPS 1.6, detections 1, infer 650.5 ms
2026-03-18 16:16:07,864 [INFO] FPS 2.0, detections 1, infer 683.1 ms
2026-03-18 16:16:09,214 [INFO] FPS 1.5, detections 1, infer 603.8 ms
2026-03-18 16:16:10,866 [INFO] FPS 1.8, detections 1, infer 716.1 ms
2026-03-18 16:16:11,934 [INFO] FPS 1.9, detections 1, infer 317.3 ms
2026-03-18 16:16:13,276 [INFO] FPS 1.5, detections 1, infer 791.6 ms
2026-03-18 16:16:14,307 [INFO] FPS 1.9, detections 1, infer 304.8 ms
2026-03-18 16:16:15,622 [INFO] FPS 1.5, detections 1, infer 589.1 ms
2026-03-18 16:16:16,677 [INFO] FPS 1.9, detections 1, infer 317.7 ms
2026-03-18 16:16:18,131 [INFO] FPS 1.4, detections 1, infer 774.1 ms
2026-03-18 16:16:19,153 [INFO] FPS 2.0, detections 1, infer 405.8 ms
2026-03-18 16:16:20,530 [INFO] FPS 1.5, detections 1, infer 822.8 ms
2026-03-18 16:16:21,930 [INFO] FPS 2.1, detections 1, infer 397.6 ms
2026-03-18 16:16:23,389 [INFO] FPS 1.4, detections 1, infer 737.6 ms
2026-03-18 16:16:24,812 [INFO] FPS 2.1, detections 1, infer 563.3 ms
2026-03-18 16:16:25,889 [INFO] FPS 0.9, detections 1, infer 1071.9 ms
2026-03-18 16:16:27,230 [INFO] FPS 1.5, detections 1, infer 374.3 ms
2026-03-18 16:16:28,634 [INFO] FPS 1.4, detections 1, infer 749.6 ms
2026-03-18 16:16:29,677 [INFO] FPS 1.9, detections 1, infer 493.1 ms
2026-03-18 16:16:31,357 [INFO] FPS 1.8, detections 1, infer 729.1 ms
2026-03-18 16:16:32,465 [INFO] FPS 1.8, detections 1, infer 308.7 ms
2026-03-18 16:16:33,712 [INFO] FPS 1.6, detections 1, infer 750.9 ms
2026-03-18 16:16:34,866 [INFO] FPS 1.7, detections 1, infer 479.8 ms
2026-03-18 16:16:36,648 [INFO] FPS 1.7, detections 1, infer 794.8 ms
2026-03-18 16:16:38,059 [INFO] FPS 1.4, detections 1, infer 486.2 ms
2026-03-18 16:16:39,408 [INFO] FPS 1.5, detections 1, infer 836.4 ms
2026-03-18 16:16:40,503 [INFO] FPS 1.8, detections 1, infer 385.1 ms
2026-03-18 16:16:41,630 [INFO] FPS 1.8, detections 1, infer 786.5 ms
2026-03-18 16:16:43,276 [INFO] FPS 1.2, detections 1, infer 716.6 ms
2026-03-18 16:16:44,723 [INFO] FPS 2.1, detections 1, infer 778.1 ms
2026-03-18 16:16:46,007 [INFO] FPS 1.6, detections 1, infer 578.1 ms
2026-03-18 16:16:47,061 [INFO] FPS 1.9, detections 1, infer 597.7 ms
2026-03-18 16:16:48,559 [INFO] FPS 1.3, detections 1, infer 745.3 ms
2026-03-18 16:16:49,880 [INFO] FPS 2.3, detections 1, infer 688.8 ms
2026-03-18 16:16:51,229 [INFO] FPS 1.5, detections 1, infer 667.0 ms
2026-03-18 16:16:52,629 [INFO] FPS 2.1, detections 1, infer 678.2 ms
2026-03-18 16:16:53,981 [INFO] FPS 1.5, detections 1, infer 740.0 ms
2026-03-18 16:16:55,494 [INFO] FPS 2.0, detections 1, infer 735.7 ms
2026-03-18 16:16:56,753 [INFO] FPS 1.6, detections 1, infer 591.4 ms
2026-03-18 16:16:58,085 [INFO] FPS 2.3, detections 1, infer 691.0 ms
2026-03-18 16:16:59,417 [INFO] FPS 1.5, detections 1, infer 632.3 ms
2026-03-18 16:17:00,944 [INFO] FPS 2.0, detections 1, infer 753.4 ms
2026-03-18 16:17:02,165 [INFO] FPS 1.6, detections 1, infer 600.8 ms
2026-03-18 16:17:03,521 [INFO] FPS 2.2, detections 1, infer 665.4 ms
2026-03-18 16:17:04,922 [INFO] FPS 1.4, detections 1, infer 601.8 ms
2026-03-18 16:17:06,551 [INFO] FPS 1.8, detections 1, infer 784.6 ms
2026-03-18 16:17:07,790 [INFO] FPS 1.6, detections 1, infer 600.1 ms
2026-03-18 16:17:09,099 [INFO] FPS 2.3, detections 1, infer 591.9 ms
2026-03-18 16:17:10,635 [INFO] FPS 1.3, detections 1, infer 733.5 ms
2026-03-18 16:17:11,967 [INFO] FPS 2.3, detections 1, infer 588.9 ms
2026-03-18 16:17:13,229 [INFO] FPS 1.6, detections 1, infer 619.8 ms
2026-03-18 16:17:14,633 [INFO] FPS 2.1, detections 1, infer 550.3 ms
2026-03-18 16:17:16,202 [INFO] FPS 1.3, detections 1, infer 774.9 ms
2026-03-18 16:17:17,972 [INFO] FPS 1.7, detections 1, infer 834.5 ms
2026-03-18 16:17:19,249 [INFO] FPS 1.6, detections 1, infer 505.7 ms
2026-03-18 16:17:20,877 [INFO] FPS 1.8, detections 1, infer 866.4 ms
2026-03-18 16:17:22,173 [INFO] FPS 1.5, detections 1, infer 639.5 ms
2026-03-18 16:17:23,522 [INFO] FPS 2.2, detections 1, infer 515.5 ms
2026-03-18 16:17:24,892 [INFO] FPS 1.5, detections 1, infer 637.5 ms
2026-03-18 16:17:26,370 [INFO] FPS 2.0, detections 1, infer 718.9 ms
2026-03-18 16:17:27,774 [INFO] FPS 1.4, detections 1, infer 735.3 ms
2026-03-18 16:17:29,031 [INFO] FPS 2.4, detections 1, infer 505.2 ms
2026-03-18 16:17:30,584 [INFO] FPS 1.3, detections 1, infer 730.9 ms
2026-03-18 16:17:31,956 [INFO] FPS 2.2, detections 1, infer 511.6 ms
2026-03-18 16:17:33,442 [INFO] FPS 1.3, detections 1, infer 785.0 ms
2026-03-18 16:17:34,614 [INFO] FPS 2.6, detections 1, infer 426.3 ms
2026-03-18 16:17:35,952 [INFO] FPS 1.5, detections 1, infer 767.5 ms
2026-03-18 16:17:37,057 [INFO] FPS 1.8, detections 1, infer 350.9 ms
2026-03-18 16:17:38,089 [INFO] FPS 1.9, detections 1, infer 696.3 ms
2026-03-18 16:17:39,613 [INFO] FPS 1.3, detections 1, infer 727.7 ms
2026-03-18 16:17:41,155 [INFO] FPS 1.9, detections 1, infer 869.8 ms
2026-03-18 16:17:42,380 [INFO] FPS 1.6, detections 1, infer 550.2 ms
2026-03-18 16:17:43,659 [INFO] FPS 2.3, detections 1, infer 528.9 ms
2026-03-18 16:17:45,112 [INFO] FPS 1.4, detections 1, infer 754.0 ms
2026-03-18 16:17:46,429 [INFO] FPS 2.3, detections 1, infer 428.0 ms
2026-03-18 16:17:47,919 [INFO] FPS 1.3, detections 1, infer 663.6 ms
2026-03-18 16:17:48,950 [INFO] FPS 1.9, detections 1, infer 460.2 ms
2026-03-18 16:17:50,654 [INFO] FPS 1.8, detections 1, infer 707.4 ms
2026-03-18 16:17:51,803 [INFO] FPS 1.7, detections 1, infer 334.3 ms
2026-03-18 16:17:53,364 [INFO] FPS 1.9, detections 1, infer 810.9 ms
2026-03-18 16:17:54,703 [INFO] FPS 1.5, detections 1, infer 709.0 ms
2026-03-18 16:17:55,864 [INFO] FPS 2.6, detections 1, infer 417.3 ms
2026-03-18 16:17:57,401 [INFO] FPS 1.3, detections 1, infer 739.1 ms
2026-03-18 16:17:58,626 [INFO] FPS 2.5, detections 1, infer 420.2 ms
2026-03-18 16:17:59,780 [INFO] FPS 1.7, detections 1, infer 705.4 ms
2026-03-18 16:18:01,046 [INFO] FPS 1.6, detections 1, infer 533.4 ms
2026-03-18 16:18:02,406 [INFO] FPS 2.2, detections 1, infer 522.9 ms
2026-03-18 16:18:03,979 [INFO] FPS 1.3, detections 1, infer 762.3 ms
2026-03-18 16:18:05,213 [INFO] FPS 2.4, detections 1, infer 487.1 ms
2026-03-18 16:18:06,591 [INFO] FPS 1.5, detections 1, infer 657.2 ms
2026-03-18 16:18:07,973 [INFO] FPS 2.2, detections 1, infer 414.0 ms
2026-03-18 16:18:09,026 [INFO] FPS 1.9, detections 1, infer 683.7 ms
2026-03-18 16:18:10,397 [INFO] FPS 1.5, detections 1, infer 664.0 ms
2026-03-18 16:18:11,726 [INFO] FPS 2.3, detections 1, infer 532.9 ms
2026-03-18 16:18:13,320 [INFO] FPS 1.3, detections 1, infer 788.7 ms
2026-03-18 16:18:14,544 [INFO] FPS 2.5, detections 1, infer 544.3 ms
2026-03-18 16:18:15,874 [INFO] FPS 1.5, detections 1, infer 652.6 ms
2026-03-18 16:18:17,181 [INFO] FPS 2.3, detections 1, infer 380.8 ms
2026-03-18 16:18:18,647 [INFO] FPS 1.4, detections 1, infer 816.5 ms
2026-03-18 16:18:19,933 [INFO] FPS 2.3, detections 1, infer 302.6 ms
2026-03-18 16:18:21,082 [INFO] FPS 1.7, detections 1, infer 684.4 ms
2026-03-18 16:18:22,410 [INFO] FPS 1.5, detections 1, infer 644.8 ms
2026-03-18 16:18:23,440 [INFO] FPS 2.9, detections 1, infer 394.9 ms
2026-03-18 16:18:24,785 [INFO] FPS 1.5, detections 1, infer 777.4 ms
2026-03-18 16:18:25,881 [INFO] FPS 1.8, detections 1, infer 321.6 ms
2026-03-18 16:18:27,472 [INFO] FPS 1.9, detections 1, infer 662.8 ms
2026-03-18 16:18:28,710 [INFO] FPS 1.6, detections 1, infer 521.3 ms
2026-03-18 16:18:30,176 [INFO] FPS 2.0, detections 1, infer 818.0 ms
2026-03-18 16:18:31,544 [INFO] FPS 1.5, detections 1, infer 598.2 ms
2026-03-18 16:18:32,637 [INFO] FPS 2.7, detections 1, infer 357.5 ms
2026-03-18 16:18:34,169 [INFO] FPS 1.3, detections 1, infer 810.5 ms
2026-03-18 16:18:35,465 [INFO] FPS 2.3, detections 1, infer 306.8 ms
2026-03-18 16:18:37,143 [INFO] FPS 1.8, detections 1, infer 716.6 ms
2026-03-18 16:18:38,288 [INFO] FPS 1.7, detections 1, infer 546.2 ms
2026-03-18 16:18:39,302 [INFO] FPS 3.0, detections 0, infer 387.0 ms
2026-03-18 16:18:40,721 [INFO] FPS 1.4, detections 0, infer 776.9 ms
2026-03-18 16:18:41,867 [INFO] FPS 1.7, detections 0, infer 448.6 ms
2026-03-18 16:18:43,552 [INFO] FPS 1.8, detections 0, infer 768.5 ms
2026-03-18 16:18:44,801 [INFO] FPS 1.6, detections 0, infer 493.9 ms
2026-03-18 16:18:45,832 [INFO] FPS 2.9, detections 0, infer 313.6 ms
2026-03-18 16:18:47,394 [INFO] FPS 1.3, detections 0, infer 752.2 ms
2026-03-18 16:18:48,470 [INFO] FPS 1.9, detections 0, infer 341.1 ms
2026-03-18 16:18:49,918 [INFO] FPS 2.1, detections 1, infer 630.3 ms
2026-03-18 16:18:51,217 [INFO] FPS 1.5, detections 0, infer 668.9 ms
2026-03-18 16:18:52,529 [INFO] FPS 2.3, detections 1, infer 328.5 ms
2026-03-18 16:18:53,655 [INFO] FPS 1.8, detections 1, infer 682.4 ms
2026-03-18 16:18:55,353 [INFO] FPS 1.2, detections 0, infer 838.5 ms
2026-03-18 16:18:57,003 [INFO] FPS 1.8, detections 0, infer 729.7 ms
2026-03-18 16:18:58,521 [INFO] FPS 1.3, detections 1, infer 669.6 ms
2026-03-18 16:18:59,732 [INFO] FPS 2.5, detections 0, infer 329.9 ms
2026-03-18 16:19:00,849 [INFO] FPS 1.8, detections 1, infer 771.9 ms
2026-03-18 16:19:02,332 [INFO] FPS 1.3, detections 1, infer 733.5 ms
2026-03-18 16:19:03,611 [INFO] FPS 2.3, detections 1, infer 532.8 ms
2026-03-18 16:19:04,981 [INFO] FPS 1.5, detections 1, infer 639.6 ms
2026-03-18 16:19:06,252 [INFO] FPS 2.4, detections 1, infer 333.5 ms
2026-03-18 16:19:08,053 [INFO] FPS 1.7, detections 1, infer 894.3 ms
2026-03-18 16:19:09,263 [INFO] FPS 1.7, detections 1, infer 414.6 ms
2026-03-18 16:19:10,762 [INFO] FPS 2.0, detections 0, infer 714.3 ms
2026-03-18 16:19:12,140 [INFO] FPS 1.5, detections 1, infer 784.8 ms
2026-03-18 16:19:13,399 [INFO] FPS 2.4, detections 1, infer 344.9 ms
2026-03-18 16:19:14,650 [INFO] FPS 1.6, detections 1, infer 779.7 ms
2026-03-18 16:19:16,042 [INFO] FPS 1.4, detections 1, infer 573.2 ms
2026-03-18 16:19:17,207 [INFO] FPS 2.6, detections 1, infer 348.0 ms
2026-03-18 16:19:18,626 [INFO] FPS 1.4, detections 1, infer 530.6 ms
2026-03-18 16:19:19,729 [INFO] FPS 1.8, detections 1, infer 371.9 ms
2026-03-18 16:19:21,300 [INFO] FPS 1.9, detections 1, infer 819.9 ms
2026-03-18 16:19:22,691 [INFO] FPS 1.4, detections 1, infer 683.8 ms
2026-03-18 16:19:23,832 [INFO] FPS 2.6, detections 1, infer 350.1 ms
2026-03-18 16:19:25,003 [INFO] FPS 1.7, detections 1, infer 562.4 ms
2026-03-18 16:19:26,388 [INFO] FPS 1.4, detections 1, infer 680.9 ms
2026-03-18 16:19:27,425 [INFO] FPS 2.9, detections 0, infer 397.0 ms
2026-03-18 16:19:28,581 [INFO] FPS 1.7, detections 0, infer 778.7 ms
2026-03-18 16:19:29,855 [INFO] FPS 1.6, detections 1, infer 634.1 ms
2026-03-18 16:19:30,886 [INFO] FPS 2.9, detections 1, infer 329.8 ms
2026-03-18 16:19:31,934 [INFO] FPS 1.9, detections 1, infer 702.0 ms
2026-03-18 16:19:33,471 [INFO] FPS 1.3, detections 1, infer 776.7 ms
2026-03-18 16:19:34,557 [INFO] FPS 2.8, detections 1, infer 399.7 ms
2026-03-18 16:19:35,896 [INFO] FPS 1.5, detections 1, infer 772.6 ms
2026-03-18 16:19:37,046 [INFO] FPS 1.7, detections 1, infer 422.4 ms
2026-03-18 16:19:38,095 [INFO] FPS 2.9, detections 1, infer 308.7 ms
2026-03-18 16:19:39,292 [INFO] FPS 1.7, detections 1, infer 548.6 ms
2026-03-18 16:19:40,473 [INFO] FPS 1.7, detections 1, infer 493.8 ms
2026-03-18 16:19:41,584 [INFO] FPS 2.7, detections 1, infer 312.3 ms
2026-03-18 16:19:43,034 [INFO] FPS 1.4, detections 1, infer 716.3 ms
2026-03-18 16:19:44,162 [INFO] FPS 1.8, detections 1, infer 528.2 ms
2026-03-18 16:19:45,252 [INFO] FPS 2.8, detections 1, infer 417.0 ms
2026-03-18 16:19:46,586 [INFO] FPS 1.5, detections 1, infer 801.9 ms
2026-03-18 16:19:47,696 [INFO] FPS 1.8, detections 1, infer 318.6 ms
2026-03-18 16:19:49,405 [INFO] FPS 1.8, detections 1, infer 745.2 ms
2026-03-18 16:19:50,769 [INFO] FPS 1.5, detections 1, infer 736.9 ms
2026-03-18 16:19:51,860 [INFO] FPS 2.7, detections 1, infer 310.7 ms
2026-03-18 16:19:52,970 [INFO] FPS 1.8, detections 1, infer 740.2 ms
2026-03-18 16:19:54,389 [INFO] FPS 1.4, detections 1, infer 706.8 ms
2026-03-18 16:19:55,794 [INFO] FPS 2.8, detections 1, infer 435.1 ms
2026-03-18 16:19:57,166 [INFO] FPS 1.5, detections 1, infer 670.7 ms
2026-03-18 16:19:58,314 [INFO] FPS 1.7, detections 1, infer 325.7 ms
2026-03-18 16:19:59,617 [INFO] FPS 2.3, detections 1, infer 510.4 ms
2026-03-18 16:20:01,104 [INFO] FPS 1.3, detections 0, infer 735.0 ms
2026-03-18 16:20:02,405 [INFO] FPS 2.3, detections 1, infer 315.7 ms
2026-03-18 16:20:03,958 [INFO] FPS 1.9, detections 1, infer 788.3 ms
2026-03-18 16:20:05,325 [INFO] FPS 1.5, detections 1, infer 741.0 ms
2026-03-18 16:20:06,453 [INFO] FPS 2.7, detections 1, infer 310.3 ms
2026-03-18 16:20:07,744 [INFO] FPS 1.5, detections 1, infer 610.7 ms
2026-03-18 16:20:08,976 [INFO] FPS 1.6, detections 1, infer 535.9 ms
2026-03-18 16:20:09,997 [INFO] FPS 2.9, detections 1, infer 377.4 ms
2026-03-18 16:20:11,592 [INFO] FPS 1.3, detections 1, infer 854.4 ms
2026-03-18 16:20:12,893 [INFO] FPS 2.3, detections 1, infer 345.4 ms
2026-03-18 16:20:13,990 [INFO] FPS 1.8, detections 1, infer 662.7 ms
2026-03-18 16:20:15,471 [INFO] FPS 1.4, detections 1, infer 647.6 ms
2026-03-18 16:20:16,617 [INFO] FPS 2.6, detections 1, infer 457.8 ms
2026-03-18 16:20:17,967 [INFO] FPS 1.5, detections 1, infer 803.6 ms
2026-03-18 16:20:19,008 [INFO] FPS 1.0, detections 1, infer 1034.6 ms
2026-03-18 16:20:20,106 [INFO] FPS 2.7, detections 1, infer 302.9 ms
2026-03-18 16:20:21,760 [INFO] FPS 1.8, detections 1, infer 758.4 ms
2026-03-18 16:20:23,082 [INFO] FPS 1.5, detections 1, infer 746.0 ms
2026-03-18 16:20:24,131 [INFO] FPS 2.9, detections 1, infer 305.1 ms
2026-03-18 16:20:25,375 [INFO] FPS 1.6, detections 1, infer 669.8 ms
2026-03-18 16:20:26,727 [INFO] FPS 1.5, detections 1, infer 571.5 ms
2026-03-18 16:20:27,814 [INFO] FPS 2.8, detections 1, infer 406.8 ms
2026-03-18 16:20:28,856 [INFO] FPS 1.9, detections 1, infer 724.0 ms
2026-03-18 16:20:30,274 [INFO] FPS 1.4, detections 1, infer 741.8 ms
2026-03-18 16:20:31,407 [INFO] FPS 2.6, detections 1, infer 323.3 ms
2026-03-18 16:20:33,035 [INFO] FPS 1.8, detections 1, infer 656.5 ms
2026-03-18 16:20:34,256 [INFO] FPS 1.6, detections 0, infer 584.1 ms
2026-03-18 16:20:35,432 [INFO] FPS 2.6, detections 1, infer 532.5 ms
2026-03-18 16:20:36,497 [INFO] FPS 1.9, detections 1, infer 740.2 ms
2026-03-18 16:20:37,723 [INFO] FPS 0.8, detections 1, infer 1218.4 ms
2026-03-18 16:20:38,787 [INFO] FPS 0.9, detections 1, infer 1057.6 ms
2026-03-18 16:20:39,807 [INFO] FPS 2.0, detections 1, infer 393.6 ms
2026-03-18 16:20:41,101 [INFO] FPS 1.5, detections 1, infer 876.0 ms
2026-03-18 16:20:42,942 [INFO] FPS 1.1, detections 1, infer 930.7 ms
2026-03-18 16:20:44,136 [INFO] FPS 2.5, detections 1, infer 346.8 ms
2026-03-18 16:20:45,408 [INFO] FPS 1.6, detections 0, infer 631.3 ms
2026-03-18 16:20:46,955 [INFO] FPS 1.3, detections 1, infer 636.3 ms
2026-03-18 16:20:48,116 [INFO] FPS 2.6, detections 1, infer 305.5 ms
2026-03-18 16:20:49,161 [INFO] FPS 1.9, detections 1, infer 733.5 ms
2026-03-18 16:20:50,560 [INFO] FPS 1.4, detections 1, infer 564.4 ms
2026-03-18 16:20:51,977 [INFO] FPS 2.1, detections 1, infer 451.8 ms
2026-03-18 16:20:53,373 [INFO] FPS 1.4, detections 1, infer 726.3 ms
2026-03-18 16:20:54,568 [INFO] FPS 1.7, detections 1, infer 390.4 ms
2026-03-18 16:20:55,591 [INFO] FPS 2.9, detections 1, infer 302.1 ms
2026-03-18 16:20:56,675 [INFO] FPS 1.8, detections 1, infer 762.9 ms
2026-03-18 16:20:58,293 [INFO] FPS 1.2, detections 1, infer 877.1 ms
2026-03-18 16:20:59,618 [INFO] FPS 2.3, detections 1, infer 392.2 ms
2026-03-18 16:21:00,858 [INFO] FPS 1.6, detections 1, infer 774.6 ms
2026-03-18 16:21:02,320 [INFO] FPS 1.4, detections 1, infer 691.6 ms
2026-03-18 16:21:03,449 [INFO] FPS 2.7, detections 1, infer 403.1 ms
2026-03-18 16:21:04,494 [INFO] FPS 1.9, detections 1, infer 722.6 ms
2026-03-18 16:21:05,948 [INFO] FPS 1.4, detections 1, infer 771.0 ms
2026-03-18 16:21:07,052 [INFO] FPS 1.8, detections 1, infer 350.2 ms
2026-03-18 16:21:08,101 [INFO] FPS 2.9, detections 1, infer 306.5 ms
2026-03-18 16:21:09,451 [INFO] FPS 1.5, detections 1, infer 537.1 ms
2026-03-18 16:21:10,820 [INFO] FPS 1.5, detections 1, infer 474.0 ms
2026-03-18 16:21:11,931 [INFO] FPS 2.7, detections 1, infer 455.8 ms
2026-03-18 16:21:13,550 [INFO] FPS 1.2, detections 1, infer 665.2 ms
2026-03-18 16:21:14,904 [INFO] FPS 2.2, detections 1, infer 418.2 ms
2026-03-18 16:21:16,243 [INFO] FPS 2.2, detections 1, infer 701.7 ms
2026-03-18 16:21:17,734 [INFO] FPS 1.3, detections 1, infer 753.2 ms
2026-03-18 16:21:18,875 [INFO] FPS 2.6, detections 1, infer 311.3 ms
2026-03-18 16:21:20,273 [INFO] FPS 2.1, detections 1, infer 683.5 ms
2026-03-18 16:21:21,699 [INFO] FPS 1.4, detections 1, infer 776.2 ms
2026-03-18 16:21:22,848 [INFO] FPS 2.6, detections 1, infer 308.7 ms
2026-03-18 16:21:24,067 [INFO] FPS 2.5, detections 1, infer 486.8 ms
2026-03-18 16:21:25,563 [INFO] FPS 1.3, detections 1, infer 771.0 ms
2026-03-18 16:21:26,858 [INFO] FPS 2.3, detections 1, infer 309.7 ms
2026-03-18 16:21:27,961 [INFO] FPS 2.7, detections 1, infer 385.9 ms
2026-03-18 16:21:29,365 [INFO] FPS 1.4, detections 1, infer 566.0 ms
2026-03-18 16:21:30,764 [INFO] FPS 2.1, detections 1, infer 432.5 ms
2026-03-18 16:21:31,825 [INFO] FPS 2.8, detections 1, infer 414.9 ms
2026-03-18 16:21:33,270 [INFO] FPS 1.4, detections 1, infer 751.7 ms
2026-03-18 16:21:34,577 [INFO] FPS 2.3, detections 1, infer 307.9 ms
2026-03-18 16:21:35,763 [INFO] FPS 2.5, detections 1, infer 399.5 ms
2026-03-18 16:21:37,190 [INFO] FPS 1.4, detections 1, infer 709.4 ms
2026-03-18 16:21:38,260 [INFO] FPS 1.9, detections 1, infer 307.4 ms
2026-03-18 16:21:39,304 [INFO] FPS 2.9, detections 1, infer 317.2 ms
2026-03-18 16:21:40,462 [INFO] FPS 1.7, detections 1, infer 689.5 ms
2026-03-18 16:21:41,898 [INFO] FPS 1.4, detections 1, infer 587.3 ms
2026-03-18 16:21:43,233 [INFO] FPS 2.2, detections 1, infer 415.4 ms
2026-03-18 16:21:44,555 [INFO] FPS 1.5, detections 1, infer 824.5 ms
2026-03-18 16:21:45,731 [INFO] FPS 1.7, detections 1, infer 467.8 ms
2026-03-18 16:21:47,046 [INFO] FPS 2.3, detections 1, infer 402.4 ms
2026-03-18 16:21:48,158 [INFO] FPS 1.8, detections 1, infer 651.4 ms
2026-03-18 16:21:49,614 [INFO] FPS 1.4, detections 1, infer 739.0 ms
2026-03-18 16:21:50,921 [INFO] FPS 2.3, detections 0, infer 334.8 ms
2026-03-18 16:21:52,373 [INFO] FPS 2.1, detections 0, infer 688.7 ms
2026-03-18 16:21:53,868 [INFO] FPS 1.3, detections 0, infer 745.1 ms
2026-03-18 16:21:55,067 [INFO] FPS 2.5, detections 1, infer 315.9 ms
2026-03-18 16:21:56,571 [INFO] FPS 2.0, detections 1, infer 705.4 ms
2026-03-18 16:21:57,927 [INFO] FPS 1.5, detections 1, infer 617.7 ms
2026-03-18 16:21:58,932 [INFO] FPS 3.0, detections 0, infer 387.7 ms
2026-03-18 16:22:00,172 [INFO] FPS 2.4, detections 1, infer 620.5 ms
2026-03-18 16:22:01,535 [INFO] FPS 1.5, detections 1, infer 772.9 ms
2026-03-18 16:22:02,589 [INFO] FPS 1.9, detections 1, infer 463.7 ms
2026-03-18 16:22:03,845 [INFO] FPS 2.4, detections 1, infer 495.9 ms
2026-03-18 16:22:05,366 [INFO] FPS 1.3, detections 1, infer 779.3 ms
2026-03-18 16:22:06,735 [INFO] FPS 2.2, detections 1, infer 389.0 ms
2026-03-18 16:22:08,012 [INFO] FPS 2.4, detections 1, infer 562.1 ms
2026-03-18 16:22:09,408 [INFO] FPS 1.4, detections 1, infer 673.5 ms
2026-03-18 16:22:10,512 [INFO] FPS 1.8, detections 1, infer 462.5 ms
2026-03-18 16:22:11,590 [INFO] FPS 2.8, detections 1, infer 396.0 ms
2026-03-18 16:22:12,830 [INFO] FPS 1.6, detections 1, infer 708.7 ms
2026-03-18 16:22:14,006 [INFO] FPS 1.7, detections 1, infer 623.3 ms
2026-03-18 16:22:15,293 [INFO] FPS 2.3, detections 1, infer 330.8 ms
2026-03-18 16:22:17,010 [INFO] FPS 1.7, detections 1, infer 785.3 ms
2026-03-18 16:22:18,260 [INFO] FPS 1.6, detections 1, infer 576.4 ms
2026-03-18 16:22:19,296 [INFO] FPS 2.9, detections 1, infer 307.7 ms
2026-03-18 16:22:20,688 [INFO] FPS 2.2, detections 1, infer 670.6 ms
2026-03-18 16:22:22,193 [INFO] FPS 1.3, detections 1, infer 736.3 ms
2026-03-18 16:22:23,409 [INFO] FPS 2.5, detections 1, infer 332.5 ms
2026-03-18 16:22:24,826 [INFO] FPS 2.1, detections 1, infer 681.0 ms
2026-03-18 16:22:26,261 [INFO] FPS 1.4, detections 1, infer 645.3 ms
2026-03-18 16:22:27,524 [INFO] FPS 2.4, detections 1, infer 307.2 ms
2026-03-18 16:22:28,577 [INFO] FPS 2.9, detections 1, infer 302.5 ms
2026-03-18 16:22:30,061 [INFO] FPS 1.3, detections 1, infer 640.6 ms
2026-03-18 16:22:31,310 [INFO] FPS 1.6, detections 1, infer 559.7 ms
2026-03-18 16:22:32,429 [INFO] FPS 2.7, detections 1, infer 471.9 ms
2026-03-18 16:22:33,779 [INFO] FPS 1.5, detections 1, infer 750.2 ms
2026-03-18 16:22:35,065 [INFO] FPS 1.6, detections 1, infer 500.5 ms
2026-03-18 16:22:36,189 [INFO] FPS 2.7, detections 1, infer 312.4 ms
2026-03-18 16:22:37,454 [INFO] FPS 1.6, detections 1, infer 768.9 ms
2026-03-18 16:22:38,778 [INFO] FPS 1.5, detections 1, infer 715.1 ms
2026-03-18 16:22:39,988 [INFO] FPS 2.5, detections 1, infer 337.2 ms
2026-03-18 16:22:40,990 [INFO] FPS 2.0, detections 1, infer 686.7 ms
2026-03-18 16:22:42,424 [INFO] FPS 1.4, detections 1, infer 751.5 ms
2026-03-18 16:22:43,733 [INFO] FPS 2.3, detections 1, infer 438.9 ms
2026-03-18 16:22:45,171 [INFO] FPS 2.1, detections 1, infer 798.9 ms
2026-03-18 16:22:46,491 [INFO] FPS 1.5, detections 1, infer 631.0 ms
2026-03-18 16:22:47,814 [INFO] FPS 2.3, detections 1, infer 534.8 ms
2026-03-18 16:22:48,960 [INFO] FPS 2.6, detections 1, infer 483.8 ms
2026-03-18 16:22:50,499 [INFO] FPS 1.3, detections 1, infer 755.0 ms
2026-03-18 16:22:51,726 [INFO] FPS 2.4, detections 1, infer 311.8 ms
2026-03-18 16:22:52,948 [INFO] FPS 2.5, detections 1, infer 503.1 ms
2026-03-18 16:22:54,361 [INFO] FPS 1.4, detections 1, infer 726.4 ms
2026-03-18 16:22:55,489 [INFO] FPS 1.8, detections 1, infer 361.9 ms
2026-03-18 16:22:56,534 [INFO] FPS 2.9, detections 1, infer 303.8 ms
2026-03-18 16:22:58,090 [INFO] FPS 1.9, detections 1, infer 682.3 ms
2026-03-18 16:22:59,519 [INFO] FPS 1.4, detections 1, infer 778.3 ms
2026-03-18 16:23:00,576 [INFO] FPS 2.8, detections 1, infer 419.9 ms
2026-03-18 16:23:01,702 [INFO] FPS 2.7, detections 1, infer 483.4 ms
2026-03-18 16:23:03,017 [INFO] FPS 1.5, detections 1, infer 622.6 ms
2026-03-18 16:23:04,291 [INFO] FPS 1.6, detections 1, infer 339.9 ms
2026-03-18 16:23:05,780 [INFO] FPS 2.0, detections 1, infer 587.9 ms
2026-03-18 16:23:07,204 [INFO] FPS 1.4, detections 1, infer 921.1 ms
2026-03-18 16:23:08,387 [INFO] FPS 0.8, detections 1, infer 1177.3 ms
2026-03-18 16:23:09,681 [INFO] FPS 2.3, detections 1, infer 410.4 ms
2026-03-18 16:23:10,841 [INFO] FPS 2.6, detections 1, infer 414.4 ms
2026-03-18 16:23:12,256 [INFO] FPS 1.4, detections 1, infer 807.5 ms
2026-03-18 16:23:13,562 [INFO] FPS 1.5, detections 1, infer 457.6 ms
2026-03-18 16:23:14,615 [INFO] FPS 2.8, detections 1, infer 303.1 ms
2026-03-18 16:23:16,176 [INFO] FPS 1.9, detections 1, infer 792.3 ms
2026-03-18 16:23:17,501 [INFO] FPS 1.5, detections 1, infer 751.7 ms
2026-03-18 16:23:18,624 [INFO] FPS 2.7, detections 1, infer 361.4 ms
2026-03-18 16:23:19,989 [INFO] FPS 2.2, detections 1, infer 599.3 ms
2026-03-18 16:23:21,723 [INFO] FPS 1.2, detections 1, infer 1044.4 ms
2026-03-18 16:23:22,814 [INFO] FPS 2.7, detections 1, infer 302.9 ms
2026-03-18 16:23:23,935 [INFO] FPS 2.7, detections 1, infer 363.9 ms
