2026-03-22 22:19:05,822 [INFO] YOLO stream program started
2026-03-22 22:19:06,003 [INFO] YOLO model loaded: yolo11n.pt
2026-03-22 22:19:06,005 [INFO] Starting RealSense pipeline
2026-03-22 22:19:06,005 [INFO] Streaming on http://0.0.0.0:8000/stream
2026-03-22 22:19:06,363 [INFO] RealSense pipeline started successfully
2026-03-22 22:19:06,393 [INFO] [31m[1mWARNING: This is a development server. Do not use it in a production deployment. Use a production WSGI server instead.[0m
 * Running on all addresses (0.0.0.0)
 * Running on http://127.0.0.1:8000
 * Running on http://10.0.0.105:8000
2026-03-22 22:19:06,394 [INFO] [33mPress CTRL+C to quit[0m
2026-03-22 22:19:07,497 [INFO] FPS 0.7, detections 0, persons 0, locked False, yaw_cmd 0.000, infer 576.5 ms
2026-03-22 22:19:08,551 [INFO] FPS 7.6, detections 0, persons 0, locked False, yaw_cmd 0.000, infer 95.8 ms
2026-03-22 22:19:08,686 [INFO] 127.0.0.1 - - [22/Mar/2026 22:19:08] "GET / HTTP/1.1" 200 -
2026-03-22 22:19:08,740 [INFO] MJPEG stream client connected
2026-03-22 22:19:08,740 [INFO] 127.0.0.1 - - [22/Mar/2026 22:19:08] "GET /stream HTTP/1.1" 200 -
2026-03-22 22:19:09,628 [INFO] FPS 7.4, detections 0, persons 0, locked False, yaw_cmd 0.000, infer 207.7 ms
2026-03-22 22:19:10,653 [INFO] FPS 6.8, detections 0, persons 0, locked False, yaw_cmd 0.000, infer 173.8 ms
2026-03-22 22:19:11,694 [INFO] FPS 7.7, detections 0, persons 0, locked False, yaw_cmd 0.000, infer 152.4 ms
2026-03-22 22:19:12,776 [INFO] FPS 7.4, detections 0, persons 0, locked False, yaw_cmd 0.000, infer 206.5 ms
2026-03-22 22:19:13,821 [INFO] FPS 7.7, detections 0, persons 0, locked False, yaw_cmd 0.000, infer 160.3 ms
2026-03-22 22:19:14,859 [INFO] FPS 7.7, detections 0, persons 0, locked False, yaw_cmd 0.000, infer 194.2 ms
2026-03-22 22:19:15,943 [INFO] FPS 7.4, detections 0, persons 0, locked False, yaw_cmd 0.000, infer 162.7 ms
2026-03-22 22:19:17,023 [INFO] FPS 7.4, detections 1, persons 1, locked True, yaw_cmd -0.180, infer 112.9 ms
2026-03-22 22:19:18,028 [INFO] FPS 8.0, detections 0, persons 0, locked False, yaw_cmd 0.000, infer 163.9 ms
2026-03-22 22:19:19,102 [INFO] FPS 7.4, detections 0, persons 0, locked False, yaw_cmd 0.000, infer 152.3 ms
2026-03-22 22:19:20,155 [INFO] FPS 7.6, detections 0, persons 0, locked False, yaw_cmd 0.000, infer 174.2 ms
2026-03-22 22:19:21,263 [INFO] FPS 7.2, detections 0, persons 0, locked False, yaw_cmd 0.000, infer 143.7 ms
2026-03-22 22:19:22,395 [INFO] FPS 7.9, detections 0, persons 0, locked False, yaw_cmd 0.000, infer 130.9 ms
2026-03-22 22:19:23,454 [INFO] FPS 7.6, detections 0, persons 0, locked False, yaw_cmd 0.000, infer 117.3 ms
2026-03-22 22:19:24,608 [INFO] FPS 6.9, detections 0, persons 0, locked False, yaw_cmd 0.000, infer 245.8 ms
2026-03-22 22:19:25,673 [INFO] FPS 7.5, detections 0, persons 0, locked False, yaw_cmd 0.000, infer 131.6 ms
2026-03-22 22:19:26,711 [INFO] FPS 7.7, detections 0, persons 0, locked False, yaw_cmd 0.000, infer 111.4 ms
2026-03-22 22:19:27,803 [INFO] FPS 8.2, detections 0, persons 0, locked False, yaw_cmd 0.000, infer 114.0 ms
2026-03-22 22:19:28,811 [INFO] FPS 7.9, detections 1, persons 0, locked False, yaw_cmd 0.000, infer 117.2 ms
2026-03-22 22:19:29,837 [INFO] FPS 7.8, detections 1, persons 0, locked False, yaw_cmd 0.000, infer 116.1 ms
2026-03-22 22:19:30,929 [INFO] FPS 8.2, detections 1, persons 1, locked True, yaw_cmd 0.000, infer 112.0 ms
2026-03-22 22:19:31,930 [INFO] FPS 8.0, detections 0, persons 0, locked False, yaw_cmd 0.000, infer 109.4 ms
2026-03-22 22:19:32,974 [INFO] FPS 5.7, detections 1, persons 1, locked True, yaw_cmd 0.000, infer 149.3 ms
2026-03-22 22:19:34,077 [INFO] FPS 7.3, detections 2, persons 2, locked True, yaw_cmd 0.028, infer 131.3 ms
2026-03-22 22:19:35,112 [INFO] FPS 7.7, detections 1, persons 1, locked True, yaw_cmd 0.020, infer 136.2 ms
2026-03-22 22:19:36,156 [INFO] FPS 7.7, detections 1, persons 1, locked True, yaw_cmd 0.060, infer 136.5 ms
2026-03-22 22:19:37,219 [INFO] FPS 7.5, detections 1, persons 1, locked True, yaw_cmd 0.039, infer 138.9 ms
2026-03-22 22:19:38,222 [INFO] FPS 8.0, detections 1, persons 1, locked True, yaw_cmd 0.020, infer 133.8 ms
2026-03-22 22:19:39,239 [INFO] FPS 7.9, detections 1, persons 1, locked True, yaw_cmd 0.026, infer 132.5 ms
2026-03-22 22:19:40,308 [INFO] FPS 7.5, detections 1, persons 1, locked True, yaw_cmd 0.000, infer 136.1 ms
2026-03-22 22:19:41,344 [INFO] FPS 7.7, detections 1, persons 1, locked True, yaw_cmd -0.027, infer 111.7 ms
2026-03-22 22:19:42,374 [INFO] FPS 7.8, detections 0, persons 0, locked False, yaw_cmd 0.000, infer 114.7 ms
2026-03-22 22:19:43,379 [INFO] FPS 8.0, detections 1, persons 0, locked False, yaw_cmd 0.000, infer 117.2 ms
2026-03-22 22:19:44,500 [INFO] FPS 8.0, detections 0, persons 0, locked False, yaw_cmd 0.000, infer 123.4 ms
2026-03-22 22:19:45,591 [INFO] FPS 8.3, detections 0, persons 0, locked False, yaw_cmd 0.000, infer 108.4 ms
2026-03-22 22:19:46,690 [INFO] FPS 8.2, detections 0, persons 0, locked False, yaw_cmd 0.000, infer 114.6 ms
2026-03-22 22:19:47,800 [INFO] FPS 8.1, detections 0, persons 0, locked False, yaw_cmd 0.000, infer 114.0 ms
2026-03-22 22:19:48,835 [INFO] FPS 7.7, detections 0, persons 0, locked False, yaw_cmd 0.000, infer 137.8 ms
2026-03-22 22:19:49,865 [INFO] FPS 6.8, detections 0, persons 0, locked False, yaw_cmd 0.000, infer 131.5 ms
2026-03-22 22:19:50,950 [INFO] FPS 5.5, detections 0, persons 0, locked False, yaw_cmd 0.000, infer 158.8 ms
2026-03-22 22:19:52,028 [INFO] FPS 7.4, detections 0, persons 0, locked False, yaw_cmd 0.000, infer 116.9 ms
2026-03-22 22:19:53,028 [INFO] FPS 7.0, detections 0, persons 0, locked False, yaw_cmd 0.000, infer 128.7 ms
2026-03-22 22:19:54,190 [INFO] FPS 6.0, detections 1, persons 1, locked True, yaw_cmd 0.254, infer 168.8 ms
2026-03-22 22:19:55,259 [INFO] FPS 7.5, detections 1, persons 1, locked True, yaw_cmd 0.260, infer 122.1 ms
2026-03-22 22:19:56,269 [INFO] FPS 7.9, detections 0, persons 0, locked False, yaw_cmd 0.000, infer 111.9 ms
2026-03-22 22:19:57,319 [INFO] FPS 6.7, detections 0, persons 0, locked False, yaw_cmd 0.000, infer 136.0 ms
2026-03-22 22:19:58,351 [INFO] FPS 7.8, detections 0, persons 0, locked False, yaw_cmd 0.000, infer 116.6 ms
2026-03-22 22:19:59,451 [INFO] FPS 7.3, detections 0, persons 0, locked False, yaw_cmd 0.000, infer 119.8 ms
2026-03-22 22:20:00,512 [INFO] FPS 6.6, detections 0, persons 0, locked False, yaw_cmd 0.000, infer 183.3 ms
2026-03-22 22:20:01,644 [INFO] FPS 6.2, detections 2, persons 0, locked False, yaw_cmd 0.000, infer 178.1 ms
2026-03-22 22:20:02,765 [INFO] FPS 6.2, detections 1, persons 1, locked True, yaw_cmd -0.123, infer 158.3 ms
2026-03-22 22:20:03,898 [INFO] FPS 6.2, detections 3, persons 0, locked False, yaw_cmd 0.000, infer 155.4 ms
2026-03-22 22:20:05,076 [INFO] FPS 6.8, detections 4, persons 1, locked True, yaw_cmd 0.049, infer 205.6 ms
2026-03-22 22:20:06,199 [INFO] FPS 7.1, detections 1, persons 0, locked False, yaw_cmd 0.000, infer 170.2 ms
2026-03-22 22:20:07,316 [INFO] FPS 6.3, detections 2, persons 0, locked False, yaw_cmd 0.000, infer 134.3 ms
2026-03-22 22:20:08,407 [INFO] FPS 7.3, detections 3, persons 1, locked True, yaw_cmd -0.099, infer 132.6 ms
2026-03-22 22:20:09,552 [INFO] FPS 6.1, detections 3, persons 1, locked True, yaw_cmd -0.203, infer 151.2 ms
2026-03-22 22:20:10,573 [INFO] FPS 6.9, detections 0, persons 0, locked False, yaw_cmd 0.000, infer 180.1 ms
2026-03-22 22:20:11,612 [INFO] FPS 7.7, detections 0, persons 0, locked False, yaw_cmd 0.000, infer 136.5 ms
2026-03-22 22:20:12,684 [INFO] FPS 7.5, detections 1, persons 1, locked True, yaw_cmd -0.071, infer 110.9 ms
2026-03-22 22:20:13,802 [INFO] FPS 7.2, detections 2, persons 0, locked False, yaw_cmd 0.000, infer 120.2 ms
2026-03-22 22:20:14,897 [INFO] FPS 7.3, detections 3, persons 1, locked True, yaw_cmd -0.120, infer 132.4 ms
2026-03-22 22:20:16,021 [INFO] FPS 6.2, detections 2, persons 1, locked True, yaw_cmd -0.181, infer 136.7 ms
2026-03-22 22:20:17,116 [INFO] FPS 6.4, detections 2, persons 1, locked True, yaw_cmd -0.083, infer 175.7 ms
2026-03-22 22:20:18,207 [INFO] FPS 6.4, detections 3, persons 1, locked True, yaw_cmd -0.148, infer 140.7 ms
2026-03-22 22:20:19,212 [INFO] FPS 7.0, detections 3, persons 1, locked True, yaw_cmd -0.113, infer 148.7 ms
2026-03-22 22:20:20,296 [INFO] FPS 7.4, detections 2, persons 0, locked False, yaw_cmd 0.000, infer 112.1 ms
2026-03-22 22:20:21,374 [INFO] FPS 6.5, detections 3, persons 0, locked False, yaw_cmd 0.000, infer 117.1 ms
2026-03-22 22:20:22,458 [INFO] FPS 7.4, detections 0, persons 0, locked False, yaw_cmd 0.000, infer 140.2 ms
2026-03-22 22:20:23,543 [INFO] FPS 7.4, detections 2, persons 0, locked False, yaw_cmd 0.000, infer 124.4 ms
2026-03-22 22:20:24,660 [INFO] FPS 6.3, detections 0, persons 0, locked False, yaw_cmd 0.000, infer 128.6 ms
2026-03-22 22:20:25,773 [INFO] FPS 8.1, detections 0, persons 0, locked False, yaw_cmd 0.000, infer 110.9 ms
2026-03-22 22:20:26,974 [INFO] FPS 6.7, detections 0, persons 0, locked False, yaw_cmd 0.000, infer 231.1 ms
2026-03-22 22:20:27,980 [INFO] FPS 8.0, detections 0, persons 0, locked False, yaw_cmd 0.000, infer 128.1 ms
2026-03-22 22:20:29,094 [INFO] FPS 8.1, detections 0, persons 0, locked False, yaw_cmd 0.000, infer 178.6 ms
2026-03-22 22:20:30,185 [INFO] FPS 7.3, detections 1, persons 0, locked False, yaw_cmd 0.000, infer 133.4 ms
2026-03-22 22:20:31,191 [INFO] FPS 8.0, detections 0, persons 0, locked False, yaw_cmd 0.000, infer 146.3 ms
2026-03-22 22:20:32,226 [INFO] FPS 7.7, detections 0, persons 0, locked False, yaw_cmd 0.000, infer 217.2 ms
2026-03-22 22:20:33,275 [INFO] FPS 7.6, detections 1, persons 0, locked False, yaw_cmd 0.000, infer 157.0 ms
2026-03-22 22:20:34,346 [INFO] FPS 7.5, detections 0, persons 0, locked False, yaw_cmd 0.000, infer 154.6 ms
2026-03-22 22:20:35,411 [INFO] FPS 7.5, detections 3, persons 0, locked False, yaw_cmd 0.000, infer 114.7 ms
2026-03-22 22:20:36,443 [INFO] FPS 7.8, detections 0, persons 0, locked False, yaw_cmd 0.000, infer 117.6 ms
2026-03-22 22:20:37,446 [INFO] FPS 8.0, detections 0, persons 0, locked False, yaw_cmd 0.000, infer 155.4 ms
2026-03-22 22:20:38,533 [INFO] FPS 8.3, detections 1, persons 0, locked False, yaw_cmd 0.000, infer 125.9 ms
2026-03-22 22:20:39,642 [INFO] FPS 8.1, detections 1, persons 0, locked False, yaw_cmd 0.000, infer 116.9 ms
2026-03-22 22:20:40,751 [INFO] FPS 8.1, detections 0, persons 0, locked False, yaw_cmd 0.000, infer 111.1 ms
2026-03-22 22:20:41,882 [INFO] FPS 8.0, detections 0, persons 0, locked False, yaw_cmd 0.000, infer 164.7 ms
2026-03-22 22:20:42,923 [INFO] FPS 7.7, detections 2, persons 0, locked False, yaw_cmd 0.000, infer 156.9 ms
2026-03-22 22:20:44,036 [INFO] FPS 7.2, detections 2, persons 0, locked False, yaw_cmd 0.000, infer 118.9 ms
2026-03-22 22:20:45,099 [INFO] FPS 7.5, detections 3, persons 0, locked False, yaw_cmd 0.000, infer 130.8 ms
2026-03-22 22:20:46,154 [INFO] FPS 7.6, detections 3, persons 0, locked False, yaw_cmd 0.000, infer 126.8 ms
2026-03-22 22:20:47,216 [INFO] FPS 7.5, detections 2, persons 0, locked False, yaw_cmd 0.000, infer 123.9 ms
2026-03-22 22:20:48,293 [INFO] FPS 7.4, detections 1, persons 0, locked False, yaw_cmd 0.000, infer 144.6 ms
2026-03-22 22:20:49,375 [INFO] FPS 6.5, detections 1, persons 0, locked False, yaw_cmd 0.000, infer 138.4 ms
2026-03-22 22:20:50,426 [INFO] FPS 7.6, detections 1, persons 0, locked False, yaw_cmd 0.000, infer 117.8 ms
2026-03-22 22:20:51,515 [INFO] FPS 8.3, detections 0, persons 0, locked False, yaw_cmd 0.000, infer 108.7 ms
2026-03-22 22:20:52,616 [INFO] FPS 8.2, detections 0, persons 0, locked False, yaw_cmd 0.000, infer 109.7 ms
2026-03-22 22:20:53,655 [INFO] FPS 7.7, detections 1, persons 0, locked False, yaw_cmd 0.000, infer 116.3 ms
2026-03-22 22:20:54,659 [INFO] FPS 8.0, detections 1, persons 0, locked False, yaw_cmd 0.000, infer 126.1 ms
2026-03-22 22:20:55,671 [INFO] FPS 7.9, detections 1, persons 0, locked False, yaw_cmd 0.000, infer 119.0 ms
2026-03-22 22:20:56,721 [INFO] FPS 7.6, detections 2, persons 0, locked False, yaw_cmd 0.000, infer 125.4 ms
2026-03-22 22:20:57,825 [INFO] FPS 8.2, detections 0, persons 0, locked False, yaw_cmd 0.000, infer 112.1 ms
2026-03-22 22:20:58,916 [INFO] FPS 8.2, detections 0, persons 0, locked False, yaw_cmd 0.000, infer 111.8 ms
2026-03-22 22:21:00,009 [INFO] FPS 8.2, detections 0, persons 0, locked False, yaw_cmd 0.000, infer 109.8 ms
2026-03-22 22:21:01,029 [INFO] FPS 7.8, detections 1, persons 0, locked False, yaw_cmd 0.000, infer 119.0 ms
2026-03-22 22:21:02,142 [INFO] FPS 8.1, detections 1, persons 0, locked False, yaw_cmd 0.000, infer 111.3 ms
2026-03-22 22:21:03,239 [INFO] FPS 8.2, detections 0, persons 0, locked False, yaw_cmd 0.000, infer 120.3 ms
2026-03-22 22:21:04,346 [INFO] FPS 8.1, detections 0, persons 0, locked False, yaw_cmd 0.000, infer 112.6 ms
2026-03-22 22:21:05,452 [INFO] FPS 8.1, detections 1, persons 0, locked False, yaw_cmd 0.000, infer 123.4 ms
2026-03-22 22:21:06,501 [INFO] FPS 7.6, detections 0, persons 0, locked False, yaw_cmd 0.000, infer 146.9 ms
2026-03-22 22:21:07,528 [INFO] FPS 7.8, detections 3, persons 0, locked False, yaw_cmd 0.000, infer 111.6 ms
2026-03-22 22:21:08,619 [INFO] FPS 8.2, detections 0, persons 0, locked False, yaw_cmd 0.000, infer 122.7 ms
2026-03-22 22:21:09,638 [INFO] FPS 6.9, detections 0, persons 0, locked False, yaw_cmd 0.000, infer 117.4 ms
2026-03-22 22:21:10,656 [INFO] FPS 7.9, detections 0, persons 0, locked False, yaw_cmd 0.000, infer 123.8 ms
2026-03-22 22:21:11,695 [INFO] FPS 7.7, detections 0, persons 0, locked False, yaw_cmd 0.000, infer 125.6 ms
2026-03-22 22:21:12,711 [INFO] FPS 7.9, detections 1, persons 0, locked False, yaw_cmd 0.000, infer 118.1 ms
2026-03-22 22:21:13,754 [INFO] FPS 7.7, detections 0, persons 0, locked False, yaw_cmd 0.000, infer 123.2 ms
2026-03-22 22:21:14,798 [INFO] FPS 7.7, detections 0, persons 0, locked False, yaw_cmd 0.000, infer 122.3 ms
2026-03-22 22:21:15,908 [INFO] FPS 7.2, detections 0, persons 0, locked False, yaw_cmd 0.000, infer 118.5 ms
2026-03-22 22:21:16,976 [INFO] FPS 7.5, detections 0, persons 0, locked False, yaw_cmd 0.000, infer 131.3 ms
2026-03-22 22:21:18,116 [INFO] FPS 7.9, detections 0, persons 0, locked False, yaw_cmd 0.000, infer 164.2 ms
2026-03-22 22:21:19,216 [INFO] FPS 8.2, detections 0, persons 0, locked False, yaw_cmd 0.000, infer 181.5 ms
2026-03-22 22:21:20,301 [INFO] FPS 8.3, detections 0, persons 0, locked False, yaw_cmd 0.000, infer 153.8 ms
2026-03-22 22:21:21,317 [INFO] FPS 7.9, detections 0, persons 0, locked False, yaw_cmd 0.000, infer 177.3 ms
2026-03-22 22:21:22,318 [INFO] FPS 8.0, detections 0, persons 0, locked False, yaw_cmd 0.000, infer 160.5 ms
2026-03-22 22:21:23,330 [INFO] FPS 7.9, detections 0, persons 0, locked False, yaw_cmd 0.000, infer 172.1 ms
2026-03-22 22:21:24,476 [INFO] FPS 7.9, detections 0, persons 0, locked False, yaw_cmd 0.000, infer 172.5 ms
2026-03-22 22:21:25,498 [INFO] FPS 7.8, detections 0, persons 0, locked False, yaw_cmd 0.000, infer 156.7 ms
2026-03-22 22:21:26,509 [INFO] FPS 7.9, detections 0, persons 0, locked False, yaw_cmd 0.000, infer 167.0 ms
2026-03-22 22:21:27,606 [INFO] FPS 8.2, detections 0, persons 0, locked False, yaw_cmd 0.000, infer 157.8 ms
2026-03-22 22:21:28,665 [INFO] FPS 7.6, detections 0, persons 0, locked False, yaw_cmd 0.000, infer 160.7 ms
2026-03-22 22:21:29,768 [INFO] FPS 7.3, detections 0, persons 0, locked False, yaw_cmd 0.000, infer 119.4 ms
2026-03-22 22:21:30,810 [INFO] FPS 7.7, detections 0, persons 0, locked False, yaw_cmd 0.000, infer 115.2 ms
2026-03-22 22:21:31,917 [INFO] FPS 8.1, detections 0, persons 0, locked False, yaw_cmd 0.000, infer 116.1 ms
2026-03-22 22:21:33,006 [INFO] FPS 8.3, detections 0, persons 0, locked False, yaw_cmd 0.000, infer 122.2 ms
2026-03-22 22:21:34,109 [INFO] FPS 8.2, detections 0, persons 0, locked False, yaw_cmd 0.000, infer 110.2 ms
2026-03-22 22:21:35,133 [INFO] FPS 7.8, detections 0, persons 0, locked False, yaw_cmd 0.000, infer 116.1 ms
2026-03-22 22:21:36,244 [INFO] FPS 7.2, detections 0, persons 0, locked False, yaw_cmd 0.000, infer 110.6 ms
2026-03-22 22:21:37,298 [INFO] FPS 8.5, detections 0, persons 0, locked False, yaw_cmd 0.000, infer 109.3 ms
2026-03-22 22:21:38,315 [INFO] FPS 7.9, detections 0, persons 0, locked False, yaw_cmd 0.000, infer 113.4 ms
2026-03-22 22:21:39,427 [INFO] FPS 8.1, detections 0, persons 0, locked False, yaw_cmd 0.000, infer 112.9 ms
2026-03-22 22:21:40,441 [INFO] FPS 7.9, detections 0, persons 0, locked False, yaw_cmd 0.000, infer 108.3 ms
2026-03-22 22:21:41,672 [INFO] FPS 6.5, detections 0, persons 0, locked False, yaw_cmd 0.000, infer 248.8 ms
2026-03-22 22:21:42,688 [INFO] FPS 7.9, detections 0, persons 0, locked False, yaw_cmd 0.000, infer 114.2 ms
2026-03-22 22:21:43,689 [INFO] FPS 8.0, detections 0, persons 0, locked False, yaw_cmd 0.000, infer 121.6 ms
2026-03-22 22:21:44,698 [INFO] FPS 7.9, detections 0, persons 0, locked False, yaw_cmd 0.000, infer 124.7 ms
2026-03-22 22:21:45,707 [INFO] FPS 7.9, detections 0, persons 0, locked False, yaw_cmd 0.000, infer 123.2 ms
2026-03-22 22:21:46,795 [INFO] FPS 8.3, detections 0, persons 0, locked False, yaw_cmd 0.000, infer 126.3 ms
2026-03-22 22:21:47,901 [INFO] FPS 8.1, detections 0, persons 0, locked False, yaw_cmd 0.000, infer 109.4 ms
2026-03-22 22:21:49,003 [INFO] FPS 8.2, detections 0, persons 0, locked False, yaw_cmd 0.000, infer 111.2 ms
2026-03-22 22:21:50,092 [INFO] FPS 7.3, detections 0, persons 0, locked False, yaw_cmd 0.000, infer 107.0 ms
2026-03-22 22:21:51,183 [INFO] FPS 8.2, detections 0, persons 0, locked False, yaw_cmd 0.000, infer 112.7 ms
2026-03-22 22:21:52,191 [INFO] FPS 7.9, detections 0, persons 0, locked False, yaw_cmd 0.000, infer 120.2 ms
2026-03-22 22:21:53,295 [INFO] FPS 8.2, detections 0, persons 0, locked False, yaw_cmd 0.000, infer 113.6 ms
2026-03-22 22:21:54,316 [INFO] FPS 7.8, detections 0, persons 0, locked False, yaw_cmd 0.000, infer 126.1 ms
2026-03-22 22:21:55,330 [INFO] FPS 7.9, detections 0, persons 0, locked False, yaw_cmd 0.000, infer 111.8 ms
2026-03-22 22:21:56,357 [INFO] FPS 6.8, detections 0, persons 0, locked False, yaw_cmd 0.000, infer 107.8 ms
2026-03-22 22:21:57,392 [INFO] FPS 7.7, detections 0, persons 0, locked False, yaw_cmd 0.000, infer 113.2 ms
2026-03-22 22:21:58,444 [INFO] FPS 7.6, detections 0, persons 0, locked False, yaw_cmd 0.000, infer 125.1 ms
2026-03-22 22:21:59,509 [INFO] FPS 7.5, detections 1, persons 0, locked False, yaw_cmd 0.000, infer 115.0 ms
2026-03-22 22:22:00,533 [INFO] FPS 6.8, detections 0, persons 0, locked False, yaw_cmd 0.000, infer 142.2 ms
2026-03-22 22:22:01,562 [INFO] FPS 7.8, detections 0, persons 0, locked False, yaw_cmd 0.000, infer 138.8 ms
2026-03-22 22:22:02,610 [INFO] FPS 6.7, detections 0, persons 0, locked False, yaw_cmd 0.000, infer 119.5 ms
