2026-03-07 19:20:35,356 [INFO] Stream program started
2026-03-07 19:20:35,362 [INFO] Starting RealSense pipeline
2026-03-07 19:20:35,362 [INFO] Streaming on http://0.0.0.0:8000/stream
2026-03-07 19:20:36,334 [INFO] RealSense pipeline started successfully
2026-03-07 19:20:36,404 [INFO] [31m[1mWARNING: This is a development server. Do not use it in a production deployment. Use a production WSGI server instead.[0m
 * Running on all addresses (0.0.0.0)
 * Running on http://127.0.0.1:8000
 * Running on http://10.0.0.168:8000
2026-03-07 19:20:36,405 [INFO] [33mPress CTRL+C to quit[0m
2026-03-07 19:20:36,837 [INFO] FPS 0.7
2026-03-07 19:20:37,852 [INFO] FPS 28.6
2026-03-07 19:20:38,853 [INFO] FPS 30.0
2026-03-07 19:20:39,853 [INFO] FPS 30.0
2026-03-07 19:20:40,858 [INFO] FPS 29.9
2026-03-07 19:20:41,892 [INFO] FPS 30.0
2026-03-07 19:20:42,926 [INFO] FPS 30.0
2026-03-07 19:20:43,960 [INFO] FPS 30.0
2026-03-07 19:20:44,963 [INFO] FPS 29.9
2026-03-07 19:20:45,963 [INFO] FPS 30.0
2026-03-07 19:20:46,970 [INFO] FPS 29.8
2026-03-07 19:20:47,999 [INFO] FPS 30.1
2026-03-07 19:20:48,251 [INFO] MJPEG stream client connected
2026-03-07 19:20:48,251 [INFO] 10.0.0.154 - - [07/Mar/2026 19:20:48] "GET /stream HTTP/1.1" 200 -
2026-03-07 19:20:49,001 [INFO] FPS 30.0
2026-03-07 19:20:50,012 [INFO] FPS 29.7
2026-03-07 19:20:51,042 [INFO] FPS 30.1
2026-03-07 19:20:52,072 [INFO] FPS 30.1
2026-03-07 19:20:53,074 [INFO] FPS 29.9
2026-03-07 19:20:54,109 [INFO] FPS 30.0
2026-03-07 19:20:55,109 [INFO] FPS 30.0
2026-03-07 19:20:56,135 [INFO] FPS 30.2
2026-03-07 19:20:57,149 [INFO] FPS 29.6
2026-03-07 19:20:58,181 [INFO] FPS 30.0
2026-03-07 19:20:59,209 [INFO] FPS 30.2
2026-03-07 19:21:00,237 [INFO] FPS 30.2
2026-03-07 19:21:01,274 [INFO] FPS 29.9
2026-03-07 19:21:02,274 [INFO] FPS 30.0
2026-03-07 19:21:03,309 [INFO] FPS 30.0
2026-03-07 19:21:04,340 [INFO] FPS 30.0
2026-03-07 19:21:05,376 [INFO] FPS 29.9
2026-03-07 19:21:06,377 [INFO] FPS 30.0
2026-03-07 19:21:07,381 [INFO] FPS 29.9
2026-03-07 19:21:08,388 [INFO] FPS 29.8
2026-03-07 19:21:09,412 [INFO] FPS 30.3
2026-03-07 19:21:10,443 [INFO] FPS 30.1
2026-03-07 19:21:11,443 [INFO] FPS 30.0
2026-03-07 19:21:12,444 [INFO] FPS 30.0
2026-03-07 19:21:13,446 [INFO] FPS 30.0
2026-03-07 19:21:14,446 [INFO] FPS 30.0
2026-03-07 19:21:15,447 [INFO] FPS 30.0
2026-03-07 19:21:16,450 [INFO] FPS 29.9
2026-03-07 19:21:17,481 [INFO] FPS 30.0
2026-03-07 19:21:18,482 [INFO] FPS 30.0
2026-03-07 19:21:19,483 [INFO] FPS 30.0
2026-03-07 19:21:20,484 [INFO] FPS 30.0
2026-03-07 19:21:21,485 [INFO] FPS 30.0
2026-03-07 19:21:22,485 [INFO] FPS 30.0
2026-03-07 19:21:23,487 [INFO] FPS 30.0
2026-03-07 19:21:24,487 [INFO] FPS 30.0
2026-03-07 19:21:25,488 [INFO] FPS 30.0
2026-03-07 19:21:26,488 [INFO] FPS 30.0
2026-03-07 19:21:27,489 [INFO] FPS 30.0
2026-03-07 19:21:28,490 [INFO] FPS 30.0
2026-03-07 19:21:29,492 [INFO] FPS 29.9
2026-03-07 19:21:30,495 [INFO] FPS 29.9
2026-03-07 19:21:31,529 [INFO] FPS 30.0
2026-03-07 19:21:32,560 [INFO] FPS 30.1
2026-03-07 19:21:33,561 [INFO] FPS 30.0
2026-03-07 19:21:34,567 [INFO] FPS 29.8
2026-03-07 19:21:35,569 [INFO] FPS 30.0
2026-03-07 19:21:36,576 [INFO] FPS 29.8
2026-03-07 19:21:37,604 [INFO] FPS 30.1
2026-03-07 19:21:38,609 [INFO] FPS 29.8
2026-03-07 19:21:39,612 [INFO] FPS 29.9
2026-03-07 19:21:40,651 [INFO] FPS 29.8
2026-03-07 19:21:41,683 [INFO] FPS 30.1
2026-03-07 19:21:42,714 [INFO] FPS 30.1
2026-03-07 19:21:43,749 [INFO] FPS 29.9
2026-03-07 19:21:44,773 [INFO] FPS 30.3
2026-03-07 19:21:45,808 [INFO] FPS 30.0
2026-03-07 19:21:46,853 [INFO] FPS 29.7
2026-03-07 19:21:47,896 [INFO] FPS 29.7
2026-03-07 19:21:48,918 [INFO] FPS 30.3
2026-03-07 19:21:49,962 [INFO] FPS 29.7
2026-03-07 19:21:50,980 [INFO] FPS 30.4
2026-03-07 19:21:52,008 [INFO] FPS 30.2
2026-03-07 19:21:53,009 [INFO] FPS 30.0
2026-03-07 19:21:54,011 [INFO] FPS 30.0
2026-03-07 19:21:55,013 [INFO] FPS 29.9
2026-03-07 19:21:56,045 [INFO] FPS 30.0
2026-03-07 19:21:57,048 [INFO] FPS 29.9
2026-03-07 19:21:58,049 [INFO] FPS 30.0
2026-03-07 19:21:59,051 [INFO] FPS 29.9
2026-03-07 19:22:00,082 [INFO] FPS 30.1
2026-03-07 19:22:01,083 [INFO] FPS 30.0
2026-03-07 19:22:02,118 [INFO] FPS 30.0
2026-03-07 19:22:03,152 [INFO] FPS 30.0
2026-03-07 19:22:04,154 [INFO] FPS 29.9
2026-03-07 19:22:05,185 [INFO] FPS 30.1
2026-03-07 19:22:06,188 [INFO] FPS 29.9
2026-03-07 19:22:07,190 [INFO] FPS 29.9
2026-03-07 19:22:08,223 [INFO] FPS 30.0
2026-03-07 19:22:09,224 [INFO] FPS 29.9
2026-03-07 19:22:10,231 [INFO] FPS 29.8
2026-03-07 19:22:11,259 [INFO] FPS 30.1
2026-03-07 19:22:12,259 [INFO] FPS 30.0
2026-03-07 19:22:13,261 [INFO] FPS 29.9
2026-03-07 19:22:14,298 [INFO] FPS 29.9
2026-03-07 19:22:15,300 [INFO] FPS 29.9
2026-03-07 19:22:16,330 [INFO] FPS 30.1
2026-03-07 19:22:17,337 [INFO] FPS 29.8
2026-03-07 19:22:18,338 [INFO] FPS 30.0
2026-03-07 19:22:19,340 [INFO] FPS 29.9
2026-03-07 19:22:20,365 [INFO] FPS 30.2
2026-03-07 19:22:21,372 [INFO] FPS 29.8
2026-03-07 19:22:22,374 [INFO] FPS 30.0
2026-03-07 19:22:23,409 [INFO] FPS 29.9
2026-03-07 19:22:24,420 [INFO] FPS 29.7
2026-03-07 19:22:25,431 [INFO] FPS 29.7
2026-03-07 19:22:26,438 [INFO] FPS 30.8
2026-03-07 19:22:27,439 [INFO] FPS 30.0
2026-03-07 19:22:28,440 [INFO] FPS 30.0
2026-03-07 19:22:29,475 [INFO] FPS 30.0
2026-03-07 19:22:30,476 [INFO] FPS 30.0
2026-03-07 19:22:31,476 [INFO] FPS 30.0
2026-03-07 19:22:32,511 [INFO] FPS 29.9
2026-03-07 19:22:33,513 [INFO] FPS 29.9
2026-03-07 19:22:34,544 [INFO] FPS 30.1
2026-03-07 19:22:35,545 [INFO] FPS 30.0
2026-03-07 19:22:36,547 [INFO] FPS 29.9
2026-03-07 19:22:37,579 [INFO] FPS 30.0
2026-03-07 19:22:38,580 [INFO] FPS 30.0
2026-03-07 19:22:39,584 [INFO] FPS 29.9
2026-03-07 19:22:40,586 [INFO] FPS 29.9
2026-03-07 19:22:41,616 [INFO] FPS 30.1
2026-03-07 19:22:42,617 [INFO] FPS 30.0
2026-03-07 19:22:43,652 [INFO] FPS 29.9
2026-03-07 19:22:44,653 [INFO] FPS 30.0
2026-03-07 19:22:45,655 [INFO] FPS 29.9
2026-03-07 19:22:46,655 [INFO] FPS 30.0
2026-03-07 19:22:47,660 [INFO] FPS 29.9
2026-03-07 19:22:48,690 [INFO] FPS 30.1
2026-03-07 19:22:49,692 [INFO] FPS 29.9
2026-03-07 19:22:50,694 [INFO] FPS 29.9
2026-03-07 19:22:51,724 [INFO] FPS 30.1
2026-03-07 19:22:52,728 [INFO] FPS 29.9
2026-03-07 19:22:53,734 [INFO] FPS 29.8
2026-03-07 19:22:54,763 [INFO] FPS 30.1
2026-03-07 19:22:55,797 [INFO] FPS 30.0
2026-03-07 19:22:56,836 [INFO] FPS 29.9
2026-03-07 19:22:57,841 [INFO] FPS 29.8
2026-03-07 19:22:58,861 [INFO] FPS 30.4
2026-03-07 19:22:59,867 [INFO] FPS 29.8
2026-03-07 19:23:00,870 [INFO] FPS 29.9
2026-03-07 19:23:01,871 [INFO] FPS 30.0
2026-03-07 19:23:02,877 [INFO] FPS 29.8
2026-03-07 19:23:03,924 [INFO] FPS 29.6
2026-03-07 19:23:04,947 [INFO] FPS 30.3
2026-03-07 19:23:05,967 [INFO] FPS 30.4
2026-03-07 19:23:06,972 [INFO] FPS 29.8
2026-03-07 19:23:08,006 [INFO] FPS 30.0
2026-03-07 19:23:09,039 [INFO] FPS 30.0
2026-03-07 19:23:10,071 [INFO] FPS 30.0
2026-03-07 19:23:11,072 [INFO] FPS 30.0
2026-03-07 19:23:13,013 [WARNING] WARNING camera lost: Frame didn't arrive within 1000, lost_count=1
2026-03-07 19:23:18,879 [INFO] FPS 3.7
2026-03-07 19:23:19,897 [INFO] FPS 29.5
2026-03-07 19:23:20,928 [INFO] FPS 29.1
2026-03-07 19:23:21,940 [INFO] FPS 29.6
2026-03-07 19:23:22,958 [INFO] FPS 30.5
2026-03-07 19:23:23,966 [INFO] FPS 29.7
2026-03-07 19:23:24,990 [INFO] FPS 30.3
2026-03-07 19:23:26,034 [INFO] FPS 29.7
2026-03-07 19:23:27,053 [INFO] FPS 30.4
2026-03-07 19:23:28,095 [INFO] FPS 29.7
2026-03-07 19:23:29,122 [INFO] FPS 30.2
2026-03-07 19:23:30,163 [INFO] FPS 29.8
2026-03-07 19:23:31,189 [INFO] FPS 30.2
2026-03-07 19:23:32,189 [INFO] FPS 30.0
2026-03-07 19:23:33,190 [INFO] FPS 30.0
2026-03-07 19:23:34,190 [INFO] FPS 30.0
2026-03-07 19:23:35,191 [INFO] FPS 30.0
2026-03-07 19:23:36,192 [INFO] FPS 30.0
2026-03-07 19:23:37,193 [INFO] FPS 30.0
2026-03-07 19:23:38,197 [INFO] FPS 29.9
2026-03-07 19:23:39,197 [INFO] FPS 30.0
2026-03-07 19:23:40,198 [INFO] FPS 30.0
2026-03-07 19:23:41,199 [INFO] FPS 30.0
2026-03-07 19:23:42,233 [INFO] FPS 30.0
2026-03-07 19:23:43,235 [INFO] FPS 29.9
2026-03-07 19:23:44,237 [INFO] FPS 29.9
2026-03-07 19:23:45,268 [INFO] FPS 30.1
2026-03-07 19:23:46,268 [INFO] FPS 30.0
2026-03-07 19:23:47,268 [INFO] FPS 30.0
2026-03-07 19:23:48,268 [INFO] FPS 30.0
2026-03-07 19:23:49,269 [INFO] FPS 30.0
2026-03-07 19:23:50,270 [INFO] FPS 30.0
2026-03-07 19:23:51,277 [INFO] FPS 29.8
2026-03-07 19:23:52,281 [INFO] FPS 28.9
2026-03-07 19:23:53,285 [INFO] FPS 29.9
2026-03-07 19:23:54,293 [INFO] FPS 29.8
2026-03-07 19:23:55,294 [INFO] FPS 29.9
2026-03-07 19:23:56,318 [INFO] FPS 30.3
2026-03-07 19:23:57,319 [INFO] FPS 30.0
2026-03-07 19:23:58,349 [INFO] FPS 30.1
2026-03-07 19:23:59,381 [INFO] FPS 30.0
2026-03-07 19:24:00,382 [INFO] FPS 30.0
2026-03-07 19:24:01,415 [INFO] FPS 30.0
2026-03-07 19:24:02,449 [INFO] FPS 30.0
2026-03-07 19:24:03,484 [INFO] FPS 30.0
2026-03-07 19:24:04,515 [INFO] FPS 30.1
2026-03-07 19:24:05,515 [INFO] FPS 30.0
2026-03-07 19:24:06,516 [INFO] FPS 30.0
2026-03-07 19:24:07,517 [INFO] FPS 30.0
2026-03-07 19:24:08,518 [INFO] FPS 30.0
2026-03-07 19:24:09,519 [INFO] FPS 30.0
2026-03-07 19:24:10,525 [INFO] FPS 29.8
2026-03-07 19:24:11,557 [INFO] FPS 30.0
2026-03-07 19:24:12,588 [INFO] FPS 30.1
2026-03-07 19:24:13,591 [INFO] FPS 29.9
2026-03-07 19:24:14,593 [INFO] FPS 30.0
2026-03-07 19:24:15,623 [INFO] FPS 30.1
2026-03-07 19:24:16,627 [INFO] FPS 29.9
2026-03-07 19:24:17,627 [INFO] FPS 30.0
2026-03-07 19:24:18,661 [INFO] FPS 30.0
2026-03-07 19:24:19,661 [INFO] FPS 30.0
2026-03-07 19:24:20,663 [INFO] FPS 29.9
2026-03-07 19:24:21,699 [INFO] FPS 29.9
2026-03-07 19:24:22,729 [INFO] FPS 30.1
2026-03-07 19:24:23,730 [INFO] FPS 30.0
2026-03-07 19:24:24,736 [INFO] FPS 29.8
2026-03-07 19:24:25,765 [INFO] FPS 30.1
2026-03-07 19:24:26,765 [INFO] FPS 30.0
2026-03-07 19:24:27,767 [INFO] FPS 30.0
2026-03-07 19:24:28,771 [INFO] FPS 29.9
2026-03-07 19:24:29,777 [INFO] FPS 29.8
2026-03-07 19:24:30,803 [INFO] FPS 30.2
2026-03-07 19:24:31,805 [INFO] FPS 29.9
2026-03-07 19:24:32,812 [INFO] FPS 29.8
2026-03-07 19:24:33,840 [INFO] FPS 30.1
2026-03-07 19:24:34,845 [INFO] FPS 29.9
2026-03-07 19:24:35,845 [INFO] FPS 30.0
2026-03-07 19:24:36,859 [INFO] FPS 29.6
2026-03-07 19:24:37,881 [INFO] FPS 29.4
2026-03-07 19:24:38,881 [INFO] FPS 31.0
2026-03-07 19:24:39,925 [INFO] FPS 29.7
2026-03-07 19:24:40,944 [INFO] FPS 30.4
2026-03-07 19:24:41,989 [INFO] FPS 29.7
2026-03-07 19:24:43,019 [INFO] FPS 30.1
2026-03-07 19:24:44,050 [INFO] FPS 30.1
2026-03-07 19:24:45,080 [INFO] FPS 30.1
2026-03-07 19:24:46,080 [INFO] FPS 30.0
2026-03-07 19:24:47,085 [INFO] FPS 29.9
2026-03-07 19:24:48,122 [INFO] FPS 29.9
2026-03-07 19:24:49,156 [INFO] FPS 30.0
2026-03-07 19:24:50,188 [INFO] FPS 30.0
2026-03-07 19:24:51,222 [INFO] FPS 30.0
2026-03-07 19:24:52,252 [INFO] FPS 30.1
2026-03-07 19:24:53,255 [INFO] FPS 29.9
2026-03-07 19:24:54,291 [INFO] FPS 29.9
2026-03-07 19:24:55,325 [INFO] FPS 30.0
2026-03-07 19:24:56,358 [INFO] FPS 30.0
2026-03-07 19:24:57,392 [INFO] FPS 30.0
2026-03-07 19:24:58,422 [INFO] FPS 30.1
2026-03-07 19:24:59,422 [INFO] FPS 30.0
2026-03-07 19:25:00,427 [INFO] FPS 29.9
2026-03-07 19:25:01,461 [INFO] FPS 30.0
2026-03-07 19:25:02,491 [INFO] FPS 30.1
2026-03-07 19:25:03,492 [INFO] FPS 30.0
2026-03-07 19:25:04,493 [INFO] FPS 30.0
2026-03-07 19:25:05,498 [INFO] FPS 29.8
2026-03-07 19:25:06,531 [INFO] FPS 30.0
2026-03-07 19:25:07,561 [INFO] FPS 30.1
2026-03-07 19:25:08,566 [INFO] FPS 29.8
2026-03-07 19:25:09,599 [INFO] FPS 30.0
2026-03-07 19:25:10,633 [INFO] FPS 30.0
2026-03-07 19:25:11,634 [INFO] FPS 30.0
2026-03-07 19:25:12,635 [INFO] FPS 30.0
2026-03-07 19:25:13,668 [INFO] FPS 30.0
2026-03-07 19:25:14,702 [INFO] FPS 30.0
2026-03-07 19:25:15,738 [INFO] FPS 29.9
2026-03-07 19:25:16,767 [INFO] FPS 30.1
2026-03-07 19:25:17,769 [INFO] FPS 30.0
2026-03-07 19:25:18,769 [INFO] FPS 30.0
2026-03-07 19:25:19,773 [INFO] FPS 29.9
2026-03-07 19:25:20,809 [INFO] FPS 29.9
2026-03-07 19:25:21,841 [INFO] FPS 30.0
2026-03-07 19:25:22,870 [INFO] FPS 30.1
2026-03-07 19:25:23,873 [INFO] FPS 29.9
2026-03-07 19:25:24,909 [INFO] FPS 29.9
2026-03-07 19:25:25,947 [INFO] FPS 29.9
2026-03-07 19:25:26,975 [INFO] FPS 30.2
2026-03-07 19:25:27,977 [INFO] FPS 29.9
2026-03-07 19:25:28,978 [INFO] FPS 30.0
2026-03-07 19:25:29,980 [INFO] FPS 30.0
2026-03-07 19:25:31,011 [INFO] FPS 30.1
2026-03-07 19:25:32,017 [INFO] FPS 29.8
2026-03-07 19:25:33,019 [INFO] FPS 29.9
2026-03-07 19:25:34,046 [INFO] FPS 30.2
2026-03-07 19:25:35,047 [INFO] FPS 30.0
2026-03-07 19:25:36,052 [INFO] FPS 29.9
2026-03-07 19:25:37,054 [INFO] FPS 29.9
2026-03-07 19:25:38,055 [INFO] FPS 30.0
2026-03-07 19:25:39,104 [INFO] FPS 29.5
2026-03-07 19:25:40,124 [INFO] FPS 30.4
2026-03-07 19:25:41,170 [INFO] FPS 29.6
2026-03-07 19:25:42,197 [INFO] FPS 30.2
2026-03-07 19:25:43,222 [INFO] FPS 30.2
2026-03-07 19:25:44,255 [INFO] FPS 30.0
2026-03-07 19:25:45,299 [INFO] FPS 29.7
2026-03-07 19:25:46,327 [INFO] FPS 30.1
2026-03-07 19:25:47,359 [INFO] FPS 30.0
2026-03-07 19:25:48,392 [INFO] FPS 30.0
2026-03-07 19:25:49,424 [INFO] FPS 30.0
2026-03-07 19:25:50,465 [INFO] FPS 29.8
2026-03-07 19:25:51,492 [INFO] FPS 30.2
2026-03-07 19:25:52,492 [INFO] FPS 30.0
2026-03-07 19:25:53,492 [INFO] FPS 30.0
2026-03-07 19:25:54,493 [INFO] FPS 30.0
2026-03-07 19:25:55,494 [INFO] FPS 30.0
2026-03-07 19:25:56,495 [INFO] FPS 30.0
2026-03-07 19:25:57,495 [INFO] FPS 30.0
2026-03-07 19:25:58,496 [INFO] FPS 30.0
2026-03-07 19:25:59,496 [INFO] FPS 30.0
2026-03-07 19:26:00,497 [INFO] FPS 30.0
2026-03-07 19:26:01,498 [INFO] FPS 30.0
2026-03-07 19:26:02,499 [INFO] FPS 30.0
2026-03-07 19:26:03,499 [INFO] FPS 30.0
2026-03-07 19:26:04,500 [INFO] FPS 30.0
2026-03-07 19:26:05,501 [INFO] FPS 30.0
2026-03-07 19:26:06,536 [INFO] FPS 30.0
2026-03-07 19:26:07,569 [INFO] FPS 30.0
2026-03-07 19:26:08,571 [INFO] FPS 29.9
2026-03-07 19:26:09,604 [INFO] FPS 30.0
2026-03-07 19:26:10,639 [INFO] FPS 30.0
2026-03-07 19:26:11,673 [INFO] FPS 30.0
2026-03-07 19:26:12,706 [INFO] FPS 30.0
2026-03-07 19:26:13,740 [INFO] FPS 30.0
2026-03-07 19:26:14,774 [INFO] FPS 30.0
2026-03-07 19:26:15,775 [INFO] FPS 30.0
2026-03-07 19:26:16,775 [INFO] FPS 30.0
2026-03-07 19:26:17,807 [INFO] FPS 30.0
2026-03-07 19:26:18,808 [INFO] FPS 30.0
2026-03-07 19:26:19,810 [INFO] FPS 29.9
2026-03-07 19:26:20,811 [INFO] FPS 30.0
2026-03-07 19:26:21,812 [INFO] FPS 30.0
2026-03-07 19:26:22,812 [INFO] FPS 30.0
2026-03-07 19:26:23,813 [INFO] FPS 30.0
2026-03-07 19:26:24,819 [INFO] FPS 29.8
2026-03-07 19:26:25,846 [INFO] FPS 30.2
2026-03-07 19:26:26,848 [INFO] FPS 29.9
2026-03-07 19:26:27,854 [INFO] FPS 29.8
2026-03-07 19:26:28,882 [INFO] FPS 30.2
2026-03-07 19:26:29,897 [INFO] FPS 29.5
2026-03-07 19:26:30,914 [INFO] FPS 29.5
2026-03-07 19:26:31,935 [INFO] FPS 30.4
2026-03-07 19:26:32,962 [INFO] FPS 30.2
2026-03-07 19:26:33,994 [INFO] FPS 30.1
2026-03-07 19:26:35,023 [INFO] FPS 30.1
2026-03-07 19:26:36,065 [INFO] FPS 29.8
2026-03-07 19:26:37,089 [INFO] FPS 30.3
2026-03-07 19:26:38,090 [INFO] FPS 30.0
2026-03-07 19:26:39,091 [INFO] FPS 30.0
2026-03-07 19:26:40,125 [INFO] FPS 30.0
2026-03-07 19:26:41,125 [INFO] FPS 30.0
2026-03-07 19:26:42,159 [INFO] FPS 30.0
2026-03-07 19:26:43,160 [INFO] FPS 30.0
2026-03-07 19:26:44,160 [INFO] FPS 30.0
2026-03-07 19:26:45,195 [INFO] FPS 30.0
2026-03-07 19:26:46,195 [INFO] FPS 30.0
2026-03-07 19:26:47,230 [INFO] FPS 30.0
2026-03-07 19:26:48,263 [INFO] FPS 30.0
2026-03-07 19:26:49,264 [INFO] FPS 30.0
2026-03-07 19:26:50,299 [INFO] FPS 30.0
2026-03-07 19:26:51,299 [INFO] FPS 30.0
2026-03-07 19:26:52,333 [INFO] FPS 30.0
2026-03-07 19:26:53,334 [INFO] FPS 30.0
2026-03-07 19:26:54,368 [INFO] FPS 30.0
2026-03-07 19:26:55,370 [INFO] FPS 29.9
2026-03-07 19:26:56,399 [INFO] FPS 30.1
2026-03-07 19:26:57,406 [INFO] FPS 29.8
2026-03-07 19:26:58,408 [INFO] FPS 29.9
2026-03-07 19:26:59,434 [INFO] FPS 30.2
2026-03-07 19:27:00,437 [INFO] FPS 29.9
2026-03-07 19:27:01,472 [INFO] FPS 30.0
2026-03-07 19:27:02,506 [INFO] FPS 30.0
2026-03-07 19:27:03,539 [INFO] FPS 30.0
2026-03-07 19:27:04,571 [INFO] FPS 30.0
2026-03-07 19:27:05,572 [INFO] FPS 30.0
2026-03-07 19:27:06,572 [INFO] FPS 30.0
2026-03-07 19:27:07,573 [INFO] FPS 30.0
2026-03-07 19:27:08,574 [INFO] FPS 30.0
2026-03-07 19:27:09,578 [INFO] FPS 29.9
2026-03-07 19:27:10,609 [INFO] FPS 30.1
2026-03-07 19:27:11,609 [INFO] FPS 30.0
2026-03-07 19:27:12,613 [INFO] FPS 29.9
2026-03-07 19:27:13,644 [INFO] FPS 30.1
2026-03-07 19:27:14,645 [INFO] FPS 30.0
2026-03-07 19:27:15,646 [INFO] FPS 30.0
2026-03-07 19:27:16,647 [INFO] FPS 30.0
2026-03-07 19:27:17,653 [INFO] FPS 29.8
2026-03-07 19:27:18,655 [INFO] FPS 29.9
2026-03-07 19:27:19,657 [INFO] FPS 29.9
2026-03-07 19:27:20,695 [INFO] FPS 29.9
2026-03-07 19:27:21,733 [INFO] FPS 29.9
2026-03-07 19:27:22,752 [INFO] FPS 30.4
2026-03-07 19:27:23,763 [INFO] FPS 29.7
2026-03-07 19:27:24,785 [INFO] FPS 30.3
2026-03-07 19:27:25,789 [INFO] FPS 29.9
2026-03-07 19:27:26,789 [INFO] FPS 30.0
2026-03-07 19:27:27,824 [INFO] FPS 30.0
2026-03-07 19:27:28,858 [INFO] FPS 30.0
2026-03-07 19:27:29,893 [INFO] FPS 30.0
2026-03-07 19:27:30,893 [INFO] FPS 30.0
2026-03-07 19:27:31,923 [INFO] FPS 30.1
2026-03-07 19:27:32,927 [INFO] FPS 29.9
2026-03-07 19:27:33,930 [INFO] FPS 29.9
2026-03-07 19:27:34,958 [INFO] FPS 30.1
2026-03-07 19:27:35,959 [INFO] FPS 30.0
2026-03-07 19:27:36,959 [INFO] FPS 30.0
2026-03-07 19:27:37,962 [INFO] FPS 29.9
2026-03-07 19:27:38,963 [INFO] FPS 30.0
2026-03-07 19:27:39,999 [INFO] FPS 29.9
2026-03-07 19:27:41,034 [INFO] FPS 29.9
2026-03-07 19:27:42,063 [INFO] FPS 30.1
2026-03-07 19:27:43,068 [INFO] FPS 29.9
2026-03-07 19:27:44,068 [INFO] FPS 30.0
2026-03-07 19:27:45,069 [INFO] FPS 30.0
2026-03-07 19:27:46,103 [INFO] FPS 30.0
2026-03-07 19:27:47,137 [INFO] FPS 30.0
2026-03-07 19:27:48,138 [INFO] FPS 30.0
2026-03-07 19:27:49,168 [INFO] FPS 30.1
2026-03-07 19:27:50,169 [INFO] FPS 30.0
2026-03-07 19:27:51,169 [INFO] FPS 30.0
2026-03-07 19:27:52,174 [INFO] FPS 29.9
2026-03-07 19:27:53,208 [INFO] FPS 30.0
2026-03-07 19:27:54,209 [INFO] FPS 30.0
2026-03-07 19:27:55,245 [INFO] FPS 29.9
2026-03-07 19:27:56,279 [INFO] FPS 30.0
2026-03-07 19:27:57,307 [INFO] FPS 30.1
2026-03-07 19:27:58,312 [INFO] FPS 29.9
2026-03-07 19:27:59,312 [INFO] FPS 30.0
2026-03-07 19:28:00,346 [INFO] FPS 30.0
2026-03-07 19:28:01,381 [INFO] FPS 30.0
2026-03-07 19:28:02,381 [INFO] FPS 30.0
2026-03-07 19:28:03,382 [INFO] FPS 30.0
2026-03-07 19:28:04,382 [INFO] FPS 30.0
2026-03-07 19:28:05,383 [INFO] FPS 30.0
2026-03-07 19:28:06,416 [INFO] FPS 30.0
2026-03-07 19:28:07,458 [INFO] FPS 29.8
2026-03-07 19:28:08,483 [INFO] FPS 30.2
2026-03-07 19:28:09,486 [INFO] FPS 29.9
2026-03-07 19:28:10,490 [INFO] FPS 29.9
2026-03-07 19:28:11,520 [INFO] FPS 30.1
2026-03-07 19:28:12,525 [INFO] FPS 29.9
2026-03-07 19:28:13,552 [INFO] FPS 30.2
2026-03-07 19:28:14,571 [INFO] FPS 29.4
2026-03-07 19:28:15,590 [INFO] FPS 30.4
2026-03-07 19:28:16,597 [INFO] FPS 29.8
2026-03-07 19:28:17,635 [INFO] FPS 29.9
2026-03-07 19:28:18,661 [INFO] FPS 30.2
2026-03-07 19:28:19,691 [INFO] FPS 30.1
2026-03-07 19:28:20,692 [INFO] FPS 30.0
2026-03-07 19:28:21,701 [INFO] FPS 29.7
2026-03-07 19:28:22,728 [INFO] FPS 30.2
2026-03-07 19:28:23,728 [INFO] FPS 30.0
2026-03-07 19:28:24,760 [INFO] FPS 30.1
2026-03-07 19:28:25,760 [INFO] FPS 30.0
2026-03-07 19:28:26,761 [INFO] FPS 30.0
2026-03-07 19:28:27,764 [INFO] FPS 29.9
2026-03-07 19:28:28,768 [INFO] FPS 29.9
2026-03-07 19:28:29,799 [INFO] FPS 30.1
2026-03-07 19:28:30,833 [INFO] FPS 30.0
2026-03-07 19:28:31,867 [INFO] FPS 30.0
2026-03-07 19:28:32,868 [INFO] FPS 30.0
2026-03-07 19:28:33,902 [INFO] FPS 30.0
2026-03-07 19:28:34,903 [INFO] FPS 30.0
2026-03-07 19:28:35,904 [INFO] FPS 30.0
2026-03-07 19:28:36,904 [INFO] FPS 30.0
2026-03-07 19:28:37,905 [INFO] FPS 30.0
2026-03-07 19:28:38,906 [INFO] FPS 30.0
2026-03-07 19:28:39,906 [INFO] FPS 30.0
2026-03-07 19:28:40,907 [INFO] FPS 30.0
2026-03-07 19:28:41,909 [INFO] FPS 29.9
2026-03-07 19:28:42,942 [INFO] FPS 30.0
2026-03-07 19:28:43,942 [INFO] FPS 30.0
2026-03-07 19:28:44,943 [INFO] FPS 30.0
2026-03-07 19:28:45,944 [INFO] FPS 30.0
2026-03-07 19:28:46,946 [INFO] FPS 29.9
2026-03-07 19:28:47,947 [INFO] FPS 30.0
2026-03-07 19:28:48,981 [INFO] FPS 30.0
2026-03-07 19:28:49,981 [INFO] FPS 30.0
2026-03-07 19:28:50,985 [INFO] FPS 29.9
2026-03-07 19:28:52,014 [INFO] FPS 30.1
2026-03-07 19:28:53,021 [INFO] FPS 29.8
2026-03-07 19:28:54,027 [INFO] FPS 29.8
2026-03-07 19:28:55,056 [INFO] FPS 30.1
2026-03-07 19:28:56,082 [INFO] FPS 30.2
2026-03-07 19:28:57,082 [INFO] FPS 30.0
2026-03-07 19:28:58,084 [INFO] FPS 30.0
2026-03-07 19:28:59,085 [INFO] FPS 30.0
2026-03-07 19:29:00,086 [INFO] FPS 30.0
2026-03-07 19:29:01,093 [INFO] FPS 29.8
2026-03-07 19:29:02,121 [INFO] FPS 30.2
2026-03-07 19:29:03,124 [INFO] FPS 29.9
2026-03-07 19:29:04,161 [INFO] FPS 29.9
2026-03-07 19:29:05,190 [INFO] FPS 30.2
2026-03-07 19:29:06,189 [INFO] FPS 30.0
2026-03-07 19:29:07,190 [INFO] FPS 30.0
2026-03-07 19:29:08,190 [INFO] FPS 30.0
2026-03-07 19:29:09,191 [INFO] FPS 30.0
2026-03-07 19:29:10,192 [INFO] FPS 30.0
2026-03-07 19:29:11,193 [INFO] FPS 30.0
2026-03-07 19:29:12,193 [INFO] FPS 30.0
2026-03-07 19:29:13,194 [INFO] FPS 30.0
2026-03-07 19:29:14,195 [INFO] FPS 30.0
2026-03-07 19:29:15,195 [INFO] FPS 30.0
2026-03-07 19:29:16,196 [INFO] FPS 30.0
2026-03-07 19:29:17,197 [INFO] FPS 30.0
2026-03-07 19:29:18,198 [INFO] FPS 30.0
2026-03-07 19:29:19,198 [INFO] FPS 30.0
2026-03-07 19:29:20,199 [INFO] FPS 30.0
2026-03-07 19:29:21,200 [INFO] FPS 30.0
2026-03-07 19:29:22,200 [INFO] FPS 30.0
2026-03-07 19:29:23,201 [INFO] FPS 30.0
2026-03-07 19:29:24,202 [INFO] FPS 30.0
2026-03-07 19:29:25,203 [INFO] FPS 30.0
2026-03-07 19:29:26,203 [INFO] FPS 30.0
2026-03-07 19:29:27,204 [INFO] FPS 30.0
2026-03-07 19:29:28,205 [INFO] FPS 30.0
2026-03-07 19:29:29,206 [INFO] FPS 30.0
2026-03-07 19:29:30,206 [INFO] FPS 30.0
2026-03-07 19:29:31,207 [INFO] FPS 30.0
2026-03-07 19:29:32,208 [INFO] FPS 30.0
2026-03-07 19:29:33,208 [INFO] FPS 30.0
2026-03-07 19:29:34,209 [INFO] FPS 30.0
2026-03-07 19:29:35,210 [INFO] FPS 30.0
2026-03-07 19:29:36,211 [INFO] FPS 30.0
2026-03-07 19:29:37,211 [INFO] FPS 30.0
2026-03-07 19:29:38,212 [INFO] FPS 30.0
2026-03-07 19:29:39,213 [INFO] FPS 30.0
2026-03-07 19:29:40,214 [INFO] FPS 30.0
2026-03-07 19:29:41,214 [INFO] FPS 30.0
2026-03-07 19:29:42,215 [INFO] FPS 30.0
2026-03-07 19:29:43,221 [INFO] FPS 29.8
2026-03-07 19:29:44,250 [INFO] FPS 30.1
2026-03-07 19:29:45,253 [INFO] FPS 29.9
2026-03-07 19:29:46,285 [INFO] FPS 30.0
2026-03-07 19:29:47,286 [INFO] FPS 30.0
2026-03-07 19:29:48,287 [INFO] FPS 30.0
2026-03-07 19:29:49,296 [INFO] FPS 29.7
2026-03-07 19:29:50,333 [INFO] FPS 29.9
2026-03-07 19:29:51,357 [INFO] FPS 30.3
2026-03-07 19:29:52,359 [INFO] FPS 29.9
2026-03-07 19:29:53,391 [INFO] FPS 30.0
2026-03-07 19:29:54,432 [INFO] FPS 29.8
2026-03-07 19:29:55,469 [INFO] FPS 29.9
2026-03-07 19:29:56,496 [INFO] FPS 30.2
2026-03-07 19:29:57,528 [INFO] FPS 30.1
2026-03-07 19:29:58,536 [INFO] FPS 29.7
2026-03-07 19:29:59,562 [INFO] FPS 30.2
2026-03-07 19:30:00,572 [INFO] FPS 29.7
2026-03-07 19:30:01,600 [INFO] FPS 30.1
2026-03-07 19:30:02,630 [INFO] FPS 30.1
2026-03-07 19:30:03,630 [INFO] FPS 30.0
2026-03-07 19:30:04,631 [INFO] FPS 30.0
2026-03-07 19:30:05,633 [INFO] FPS 29.9
2026-03-07 19:30:06,666 [INFO] FPS 30.0
2026-03-07 19:30:07,667 [INFO] FPS 30.0
2026-03-07 19:30:08,667 [INFO] FPS 30.0
2026-03-07 19:30:09,668 [INFO] FPS 30.0
2026-03-07 19:30:10,669 [INFO] FPS 30.0
2026-03-07 19:30:11,670 [INFO] FPS 30.0
2026-03-07 19:30:12,670 [INFO] FPS 30.0
2026-03-07 19:30:13,671 [INFO] FPS 30.0
2026-03-07 19:30:14,672 [INFO] FPS 30.0
2026-03-07 19:30:15,672 [INFO] FPS 30.0
2026-03-07 19:30:16,673 [INFO] FPS 30.0
2026-03-07 19:30:17,674 [INFO] FPS 30.0
2026-03-07 19:30:18,675 [INFO] FPS 30.0
2026-03-07 19:30:19,675 [INFO] FPS 30.0
2026-03-07 19:30:20,676 [INFO] FPS 30.0
2026-03-07 19:30:21,677 [INFO] FPS 30.0
2026-03-07 19:30:22,678 [INFO] FPS 30.0
2026-03-07 19:30:23,678 [INFO] FPS 30.0
2026-03-07 19:30:24,679 [INFO] FPS 30.0
2026-03-07 19:30:25,680 [INFO] FPS 30.0
2026-03-07 19:30:26,681 [INFO] FPS 30.0
2026-03-07 19:30:27,681 [INFO] FPS 30.0
2026-03-07 19:30:28,682 [INFO] FPS 30.0
2026-03-07 19:30:29,683 [INFO] FPS 30.0
2026-03-07 19:30:30,684 [INFO] FPS 30.0
2026-03-07 19:30:31,684 [INFO] FPS 30.0
2026-03-07 19:30:32,685 [INFO] FPS 30.0
2026-03-07 19:30:33,686 [INFO] FPS 30.0
2026-03-07 19:30:34,686 [INFO] FPS 30.0
2026-03-07 19:30:35,687 [INFO] FPS 30.0
2026-03-07 19:30:36,688 [INFO] FPS 30.0
2026-03-07 19:30:37,689 [INFO] FPS 30.0
2026-03-07 19:30:38,690 [INFO] FPS 30.0
2026-03-07 19:30:39,690 [INFO] FPS 30.0
2026-03-07 19:30:40,692 [INFO] FPS 30.0
2026-03-07 19:30:41,694 [INFO] FPS 29.9
2026-03-07 19:30:42,727 [INFO] FPS 30.0
2026-03-07 19:30:43,728 [INFO] FPS 30.0
2026-03-07 19:30:44,729 [INFO] FPS 30.0
2026-03-07 19:30:45,733 [INFO] FPS 29.9
2026-03-07 19:30:46,777 [INFO] FPS 29.7
2026-03-07 19:30:47,802 [INFO] FPS 30.3
2026-03-07 19:30:48,837 [INFO] FPS 29.9
2026-03-07 19:30:49,873 [INFO] FPS 29.9
2026-03-07 19:30:50,900 [INFO] FPS 30.2
2026-03-07 19:30:51,901 [INFO] FPS 30.0
2026-03-07 19:30:52,902 [INFO] FPS 30.0
2026-03-07 19:30:53,937 [INFO] FPS 30.0
2026-03-07 19:30:54,969 [INFO] FPS 30.0
2026-03-07 19:30:56,015 [INFO] FPS 29.6
2026-03-07 19:30:57,043 [INFO] FPS 30.1
2026-03-07 19:30:58,075 [INFO] FPS 30.0
2026-03-07 19:30:59,107 [INFO] FPS 30.0
2026-03-07 19:31:00,112 [INFO] FPS 29.9
2026-03-07 19:31:01,143 [INFO] FPS 30.1
2026-03-07 19:31:02,143 [INFO] FPS 30.0
2026-03-07 19:31:03,184 [INFO] FPS 29.8
2026-03-07 19:31:04,214 [INFO] FPS 30.1
2026-03-07 19:31:05,245 [INFO] FPS 30.0
2026-03-07 19:31:06,257 [INFO] FPS 29.7
2026-03-07 19:31:07,280 [INFO] FPS 30.3
2026-03-07 19:31:08,316 [INFO] FPS 29.9
2026-03-07 19:31:09,352 [INFO] FPS 30.0
2026-03-07 19:31:10,349 [INFO] FPS 30.0
2026-03-07 19:31:11,385 [INFO] FPS 29.9
2026-03-07 19:31:12,420 [INFO] FPS 30.0
2026-03-07 19:31:13,451 [INFO] FPS 30.1
2026-03-07 19:31:14,456 [INFO] FPS 29.8
2026-03-07 19:31:15,484 [INFO] FPS 30.1
2026-03-07 19:31:16,488 [INFO] FPS 29.9
2026-03-07 19:31:17,522 [INFO] FPS 30.0
2026-03-07 19:31:18,552 [INFO] FPS 30.1
2026-03-07 19:31:19,553 [INFO] FPS 30.0
2026-03-07 19:31:20,554 [INFO] FPS 30.0
2026-03-07 19:31:21,554 [INFO] FPS 30.0
2026-03-07 19:31:22,555 [INFO] FPS 30.0
2026-03-07 19:31:23,556 [INFO] FPS 30.0
2026-03-07 19:31:24,556 [INFO] FPS 30.0
2026-03-07 19:31:25,557 [INFO] FPS 30.0
2026-03-07 19:31:26,558 [INFO] FPS 30.0
2026-03-07 19:31:27,559 [INFO] FPS 30.0
2026-03-07 19:31:28,559 [INFO] FPS 30.0
2026-03-07 19:31:29,560 [INFO] FPS 30.0
2026-03-07 19:31:30,561 [INFO] FPS 30.0
2026-03-07 19:31:31,562 [INFO] FPS 30.0
2026-03-07 19:31:32,562 [INFO] FPS 30.0
2026-03-07 19:31:33,563 [INFO] FPS 30.0
2026-03-07 19:31:34,565 [INFO] FPS 29.9
2026-03-07 19:31:35,598 [INFO] FPS 30.0
2026-03-07 19:31:36,599 [INFO] FPS 30.0
2026-03-07 19:31:37,599 [INFO] FPS 30.0
2026-03-07 19:31:38,600 [INFO] FPS 30.0
2026-03-07 19:31:39,601 [INFO] FPS 30.0
2026-03-07 19:31:40,602 [INFO] FPS 30.0
2026-03-07 19:31:41,602 [INFO] FPS 30.0
2026-03-07 19:31:42,603 [INFO] FPS 30.0
2026-03-07 19:31:43,604 [INFO] FPS 30.0
2026-03-07 19:31:44,605 [INFO] FPS 30.0
2026-03-07 19:31:45,605 [INFO] FPS 30.0
2026-03-07 19:31:46,606 [INFO] FPS 30.0
2026-03-07 19:31:47,607 [INFO] FPS 30.0
2026-03-07 19:31:48,608 [INFO] FPS 30.0
2026-03-07 19:31:49,608 [INFO] FPS 30.0
2026-03-07 19:31:50,609 [INFO] FPS 30.0
2026-03-07 19:31:51,610 [INFO] FPS 30.0
2026-03-07 19:31:52,611 [INFO] FPS 30.0
2026-03-07 19:31:53,611 [INFO] FPS 30.0
2026-03-07 19:31:54,613 [INFO] FPS 30.0
2026-03-07 19:31:55,614 [INFO] FPS 30.0
2026-03-07 19:31:56,615 [INFO] FPS 30.0
2026-03-07 19:31:57,616 [INFO] FPS 30.0
2026-03-07 19:31:58,624 [INFO] FPS 29.8
2026-03-07 19:31:59,651 [INFO] FPS 30.2
2026-03-07 19:32:00,656 [INFO] FPS 29.8
2026-03-07 19:32:01,686 [INFO] FPS 30.1
2026-03-07 19:32:02,726 [INFO] FPS 29.8
2026-03-07 19:32:03,761 [INFO] FPS 30.0
2026-03-07 19:32:04,788 [INFO] FPS 30.2
2026-03-07 19:32:05,792 [INFO] FPS 29.9
2026-03-07 19:32:06,822 [INFO] FPS 30.1
2026-03-07 19:32:07,822 [INFO] FPS 30.0
2026-03-07 19:32:08,824 [INFO] FPS 29.9
2026-03-07 19:32:09,857 [INFO] FPS 30.0
2026-03-07 19:32:10,858 [INFO] FPS 30.0
2026-03-07 19:32:11,858 [INFO] FPS 30.0
2026-03-07 19:32:12,859 [INFO] FPS 30.0
2026-03-07 19:32:13,860 [INFO] FPS 30.0
2026-03-07 19:32:14,861 [INFO] FPS 30.0
2026-03-07 19:32:15,861 [INFO] FPS 30.0
2026-03-07 19:32:16,862 [INFO] FPS 30.0
2026-03-07 19:32:17,863 [INFO] FPS 30.0
2026-03-07 19:32:18,864 [INFO] FPS 30.0
2026-03-07 19:32:19,864 [INFO] FPS 30.0
2026-03-07 19:32:20,865 [INFO] FPS 30.0
2026-03-07 19:32:21,866 [INFO] FPS 30.0
2026-03-07 19:32:22,867 [INFO] FPS 30.0
2026-03-07 19:32:23,867 [INFO] FPS 30.0
2026-03-07 19:32:24,868 [INFO] FPS 30.0
2026-03-07 19:32:25,869 [INFO] FPS 30.0
2026-03-07 19:32:26,870 [INFO] FPS 30.0
2026-03-07 19:32:27,870 [INFO] FPS 30.0
2026-03-07 19:32:28,874 [INFO] FPS 29.9
2026-03-07 19:32:29,905 [INFO] FPS 30.1
2026-03-07 19:32:30,906 [INFO] FPS 30.0
2026-03-07 19:32:31,907 [INFO] FPS 30.0
2026-03-07 19:32:32,907 [INFO] FPS 30.0
2026-03-07 19:32:33,908 [INFO] FPS 30.0
2026-03-07 19:32:34,909 [INFO] FPS 30.0
2026-03-07 19:32:35,910 [INFO] FPS 30.0
2026-03-07 19:32:36,910 [INFO] FPS 30.0
2026-03-07 19:32:37,911 [INFO] FPS 30.0
2026-03-07 19:32:38,912 [INFO] FPS 30.0
2026-03-07 19:32:39,913 [INFO] FPS 30.0
2026-03-07 19:32:40,913 [INFO] FPS 30.0
2026-03-07 19:32:41,914 [INFO] FPS 30.0
2026-03-07 19:32:42,915 [INFO] FPS 30.0
2026-03-07 19:32:43,916 [INFO] FPS 30.0
2026-03-07 19:32:44,918 [INFO] FPS 29.9
2026-03-07 19:32:45,918 [INFO] FPS 30.0
2026-03-07 19:32:46,919 [INFO] FPS 30.0
2026-03-07 19:32:47,921 [INFO] FPS 30.0
2026-03-07 19:32:48,957 [INFO] FPS 29.9
2026-03-07 19:32:49,963 [INFO] FPS 29.8
2026-03-07 19:32:50,990 [INFO] FPS 30.2
2026-03-07 19:32:51,991 [INFO] FPS 30.0
2026-03-07 19:32:53,032 [INFO] FPS 29.8
2026-03-07 19:32:54,059 [INFO] FPS 30.2
2026-03-07 19:32:55,059 [INFO] FPS 30.0
2026-03-07 19:32:56,096 [INFO] FPS 29.9
2026-03-07 19:32:57,126 [INFO] FPS 30.1
2026-03-07 19:32:58,165 [INFO] FPS 29.8
2026-03-07 19:32:59,166 [INFO] FPS 30.0
2026-03-07 19:33:00,207 [INFO] FPS 29.8
2026-03-07 19:33:01,236 [INFO] FPS 30.2
2026-03-07 19:33:02,270 [INFO] FPS 30.0
2026-03-07 19:33:03,300 [INFO] FPS 30.1
2026-03-07 19:33:04,300 [INFO] FPS 30.0
2026-03-07 19:33:05,334 [INFO] FPS 30.0
2026-03-07 19:33:06,375 [INFO] FPS 29.8
2026-03-07 19:33:07,401 [INFO] FPS 30.2
2026-03-07 19:33:08,401 [INFO] FPS 30.0
2026-03-07 19:33:09,401 [INFO] FPS 30.0
2026-03-07 19:33:10,402 [INFO] FPS 30.0
2026-03-07 19:33:11,403 [INFO] FPS 30.0
2026-03-07 19:33:12,404 [INFO] FPS 30.0
2026-03-07 19:33:13,404 [INFO] FPS 30.0
2026-03-07 19:33:14,405 [INFO] FPS 30.0
2026-03-07 19:33:15,406 [INFO] FPS 30.0
2026-03-07 19:33:16,407 [INFO] FPS 30.0
2026-03-07 19:33:17,409 [INFO] FPS 29.9
2026-03-07 19:33:18,442 [INFO] FPS 30.0
2026-03-07 19:33:19,442 [INFO] FPS 30.0
2026-03-07 19:33:20,443 [INFO] FPS 30.0
2026-03-07 19:33:21,444 [INFO] FPS 30.0
2026-03-07 19:33:22,445 [INFO] FPS 30.0
2026-03-07 19:33:23,445 [INFO] FPS 30.0
2026-03-07 19:33:24,446 [INFO] FPS 30.0
2026-03-07 19:33:25,447 [INFO] FPS 30.0
2026-03-07 19:33:26,448 [INFO] FPS 30.0
2026-03-07 19:33:27,448 [INFO] FPS 30.0
2026-03-07 19:33:28,449 [INFO] FPS 30.0
2026-03-07 19:33:29,450 [INFO] FPS 30.0
2026-03-07 19:33:30,451 [INFO] FPS 30.0
2026-03-07 19:33:31,451 [INFO] FPS 30.0
2026-03-07 19:33:32,452 [INFO] FPS 30.0
2026-03-07 19:33:33,453 [INFO] FPS 30.0
2026-03-07 19:33:34,454 [INFO] FPS 30.0
2026-03-07 19:33:35,454 [INFO] FPS 30.0
2026-03-07 19:33:36,455 [INFO] FPS 30.0
2026-03-07 19:33:37,456 [INFO] FPS 30.0
2026-03-07 19:33:38,457 [INFO] FPS 30.0
2026-03-07 19:33:39,457 [INFO] FPS 30.0
2026-03-07 19:33:40,458 [INFO] FPS 30.0
2026-03-07 19:33:41,459 [INFO] FPS 30.0
2026-03-07 19:33:42,460 [INFO] FPS 30.0
2026-03-07 19:33:43,461 [INFO] FPS 30.0
2026-03-07 19:33:44,461 [INFO] FPS 30.0
2026-03-07 19:33:45,462 [INFO] FPS 30.0
2026-03-07 19:33:46,463 [INFO] FPS 30.0
2026-03-07 19:33:47,464 [INFO] FPS 30.0
2026-03-07 19:33:48,465 [INFO] FPS 30.0
2026-03-07 19:33:49,466 [INFO] FPS 29.9
2026-03-07 19:33:50,468 [INFO] FPS 29.9
2026-03-07 19:33:51,468 [INFO] FPS 30.0
2026-03-07 19:33:52,501 [INFO] FPS 30.0
2026-03-07 19:33:53,536 [INFO] FPS 30.0
2026-03-07 19:33:54,573 [INFO] FPS 29.9
2026-03-07 19:33:55,604 [INFO] FPS 30.1
2026-03-07 19:33:56,610 [INFO] FPS 29.8
2026-03-07 19:33:57,639 [INFO] FPS 30.1
2026-03-07 19:33:58,679 [INFO] FPS 29.8
2026-03-07 19:33:59,708 [INFO] FPS 30.1
2026-03-07 19:34:00,745 [INFO] FPS 29.9
2026-03-07 19:34:01,779 [INFO] FPS 30.0
2026-03-07 19:34:02,814 [INFO] FPS 29.9
2026-03-07 19:34:03,843 [INFO] FPS 30.1
2026-03-07 19:34:04,849 [INFO] FPS 29.8
2026-03-07 19:34:05,883 [INFO] FPS 30.0
2026-03-07 19:34:06,919 [INFO] FPS 29.9
2026-03-07 19:34:07,926 [INFO] FPS 29.8
2026-03-07 19:34:08,951 [INFO] FPS 30.2
2026-03-07 19:34:09,983 [INFO] FPS 30.0
2026-03-07 19:34:11,017 [INFO] FPS 30.0
2026-03-07 19:34:12,028 [INFO] FPS 29.7
2026-03-07 19:34:13,055 [INFO] FPS 30.2
2026-03-07 19:34:14,089 [INFO] FPS 30.0
2026-03-07 19:34:15,120 [INFO] FPS 30.1
2026-03-07 19:34:16,135 [INFO] FPS 29.6
2026-03-07 19:34:17,158 [INFO] FPS 30.3
2026-03-07 19:34:18,188 [INFO] FPS 30.1
2026-03-07 19:34:19,189 [INFO] FPS 30.0
2026-03-07 19:34:20,232 [INFO] FPS 29.7
2026-03-07 19:34:21,259 [INFO] FPS 30.2
2026-03-07 19:34:22,260 [INFO] FPS 29.9
2026-03-07 19:34:23,293 [INFO] FPS 30.0
2026-03-07 19:34:24,328 [INFO] FPS 30.0
2026-03-07 19:34:25,364 [INFO] FPS 29.9
2026-03-07 19:34:26,395 [INFO] FPS 30.1
2026-03-07 19:34:27,400 [INFO] FPS 29.9
2026-03-07 19:34:28,433 [INFO] FPS 30.0
2026-03-07 19:34:29,466 [INFO] FPS 30.0
2026-03-07 19:34:30,467 [INFO] FPS 29.9
2026-03-07 19:34:31,497 [INFO] FPS 30.1
2026-03-07 19:34:32,498 [INFO] FPS 30.0
2026-03-07 19:34:33,498 [INFO] FPS 30.0
2026-03-07 19:34:34,499 [INFO] FPS 30.0
2026-03-07 19:34:35,500 [INFO] FPS 30.0
2026-03-07 19:34:36,501 [INFO] FPS 30.0
2026-03-07 19:34:37,501 [INFO] FPS 30.0
2026-03-07 19:34:38,502 [INFO] FPS 30.0
2026-03-07 19:34:39,503 [INFO] FPS 30.0
2026-03-07 19:34:40,504 [INFO] FPS 30.0
2026-03-07 19:34:41,504 [INFO] FPS 30.0
2026-03-07 19:34:42,505 [INFO] FPS 30.0
2026-03-07 19:34:43,506 [INFO] FPS 30.0
2026-03-07 19:34:44,507 [INFO] FPS 30.0
2026-03-07 19:34:45,507 [INFO] FPS 30.0
2026-03-07 19:34:46,508 [INFO] FPS 30.0
2026-03-07 19:34:47,509 [INFO] FPS 30.0
2026-03-07 19:34:48,510 [INFO] FPS 30.0
2026-03-07 19:34:49,510 [INFO] FPS 30.0
2026-03-07 19:34:50,511 [INFO] FPS 30.0
2026-03-07 19:34:51,512 [INFO] FPS 30.0
2026-03-07 19:34:52,513 [INFO] FPS 30.0
2026-03-07 19:34:53,513 [INFO] FPS 30.0
2026-03-07 19:34:54,514 [INFO] FPS 30.0
2026-03-07 19:34:55,515 [INFO] FPS 30.0
2026-03-07 19:34:56,516 [INFO] FPS 30.0
2026-03-07 19:34:57,516 [INFO] FPS 30.0
2026-03-07 19:34:58,517 [INFO] FPS 30.0
2026-03-07 19:34:59,518 [INFO] FPS 30.0
2026-03-07 19:35:00,519 [INFO] FPS 30.0
2026-03-07 19:35:01,519 [INFO] FPS 30.0
2026-03-07 19:35:02,520 [INFO] FPS 30.0
2026-03-07 19:35:03,521 [INFO] FPS 30.0
2026-03-07 19:35:04,522 [INFO] FPS 30.0
2026-03-07 19:35:05,523 [INFO] FPS 30.0
2026-03-07 19:35:06,523 [INFO] FPS 30.0
2026-03-07 19:35:07,524 [INFO] FPS 30.0
2026-03-07 19:35:08,525 [INFO] FPS 30.0
2026-03-07 19:35:09,527 [INFO] FPS 30.0
2026-03-07 19:35:10,527 [INFO] FPS 30.0
2026-03-07 19:35:11,530 [INFO] FPS 29.9
2026-03-07 19:35:12,530 [INFO] FPS 30.0
2026-03-07 19:35:13,576 [INFO] FPS 29.7
2026-03-07 19:35:14,596 [INFO] FPS 30.4
2026-03-07 19:35:15,597 [INFO] FPS 30.0
2026-03-07 19:35:16,598 [INFO] FPS 30.0
2026-03-07 19:35:17,598 [INFO] FPS 30.0
2026-03-07 19:35:18,599 [INFO] FPS 30.0
2026-03-07 19:35:19,600 [INFO] FPS 30.0
2026-03-07 19:35:20,601 [INFO] FPS 30.0
2026-03-07 19:35:21,601 [INFO] FPS 30.0
2026-03-07 19:35:22,602 [INFO] FPS 30.0
2026-03-07 19:35:23,603 [INFO] FPS 30.0
2026-03-07 19:35:24,604 [INFO] FPS 30.0
2026-03-07 19:35:25,604 [INFO] FPS 30.0
2026-03-07 19:35:26,605 [INFO] FPS 30.0
2026-03-07 19:35:27,607 [INFO] FPS 29.9
2026-03-07 19:35:28,640 [INFO] FPS 30.0
2026-03-07 19:35:29,641 [INFO] FPS 30.0
2026-03-07 19:35:30,642 [INFO] FPS 30.0
2026-03-07 19:35:31,642 [INFO] FPS 30.0
2026-03-07 19:35:32,643 [INFO] FPS 30.0
2026-03-07 19:35:33,644 [INFO] FPS 30.0
2026-03-07 19:35:34,645 [INFO] FPS 30.0
2026-03-07 19:35:35,645 [INFO] FPS 30.0
2026-03-07 19:35:36,646 [INFO] FPS 30.0
2026-03-07 19:35:37,647 [INFO] FPS 30.0
2026-03-07 19:35:38,648 [INFO] FPS 30.0
2026-03-07 19:35:39,648 [INFO] FPS 30.0
2026-03-07 19:35:40,649 [INFO] FPS 30.0
2026-03-07 19:35:41,650 [INFO] FPS 30.0
2026-03-07 19:35:42,651 [INFO] FPS 30.0
2026-03-07 19:35:43,651 [INFO] FPS 30.0
2026-03-07 19:35:44,652 [INFO] FPS 30.0
2026-03-07 19:35:45,653 [INFO] FPS 30.0
2026-03-07 19:35:46,654 [INFO] FPS 30.0
2026-03-07 19:35:47,655 [INFO] FPS 30.0
2026-03-07 19:35:48,656 [INFO] FPS 30.0
2026-03-07 19:35:49,656 [INFO] FPS 30.0
2026-03-07 19:35:50,657 [INFO] FPS 30.0
2026-03-07 19:35:51,658 [INFO] FPS 30.0
2026-03-07 19:35:52,660 [INFO] FPS 30.0
2026-03-07 19:35:53,660 [INFO] FPS 30.0
2026-03-07 19:35:54,677 [INFO] FPS 29.5
2026-03-07 19:35:55,698 [INFO] FPS 30.4
2026-03-07 19:35:56,701 [INFO] FPS 29.9
2026-03-07 19:35:57,729 [INFO] FPS 30.2
2026-03-07 19:35:58,730 [INFO] FPS 30.0
2026-03-07 19:35:59,732 [INFO] FPS 29.9
2026-03-07 19:36:00,764 [INFO] FPS 30.0
2026-03-07 19:36:01,765 [INFO] FPS 30.0
2026-03-07 19:36:02,766 [INFO] FPS 30.0
2026-03-07 19:36:03,767 [INFO] FPS 30.0
2026-03-07 19:36:04,768 [INFO] FPS 30.0
2026-03-07 19:36:05,773 [INFO] FPS 29.8
2026-03-07 19:36:06,556 [INFO] Stream program started
2026-03-07 19:36:06,561 [INFO] Starting RealSense pipeline
2026-03-07 19:36:06,561 [INFO] Streaming on http://0.0.0.0:8000/stream
2026-03-07 19:36:06,807 [INFO] FPS 30.0
2026-03-07 19:36:07,808 [INFO] FPS 29.9
2026-03-07 19:36:08,811 [INFO] FPS 29.9
2026-03-07 19:36:09,417 [ERROR] Initial pipeline start failed: failed to set power state
2026-03-07 19:36:09,838 [INFO] FPS 30.2
2026-03-07 19:36:10,840 [INFO] FPS 30.0
2026-03-07 19:36:11,840 [INFO] FPS 30.0
2026-03-07 19:36:12,840 [INFO] FPS 30.0
2026-03-07 19:36:13,841 [INFO] FPS 30.0
2026-03-07 19:36:14,842 [INFO] FPS 30.0
2026-03-07 19:36:15,843 [INFO] FPS 30.0
2026-03-07 19:36:16,844 [INFO] FPS 30.0
2026-03-07 19:36:17,844 [INFO] FPS 30.0
2026-03-07 19:36:18,845 [INFO] FPS 30.0
2026-03-07 19:36:19,846 [INFO] FPS 30.0
2026-03-07 19:36:20,847 [INFO] FPS 30.0
2026-03-07 19:36:21,847 [INFO] FPS 30.0
2026-03-07 19:36:22,848 [INFO] FPS 30.0
2026-03-07 19:36:23,849 [INFO] FPS 30.0
2026-03-07 19:36:24,850 [INFO] FPS 30.0
2026-03-07 19:36:25,850 [INFO] FPS 30.0
2026-03-07 19:36:26,851 [INFO] FPS 30.0
2026-03-07 19:36:27,852 [INFO] FPS 30.0
2026-03-07 19:36:28,853 [INFO] FPS 30.0
2026-03-07 19:36:29,853 [INFO] FPS 30.0
2026-03-07 19:36:30,854 [INFO] FPS 30.0
2026-03-07 19:36:31,855 [INFO] FPS 30.0
2026-03-07 19:36:32,856 [INFO] FPS 30.0
2026-03-07 19:36:33,857 [INFO] FPS 30.0
2026-03-07 19:36:34,857 [INFO] FPS 30.0
2026-03-07 19:36:35,859 [INFO] FPS 30.0
2026-03-07 19:36:36,860 [INFO] FPS 30.0
2026-03-07 19:36:37,861 [INFO] FPS 30.0
2026-03-07 19:36:38,862 [INFO] FPS 29.9
2026-03-07 19:36:39,864 [INFO] FPS 29.9
2026-03-07 19:36:40,869 [INFO] FPS 29.9
2026-03-07 19:36:41,896 [INFO] FPS 30.2
2026-03-07 19:36:42,897 [INFO] FPS 30.0
2026-03-07 19:36:43,897 [INFO] FPS 30.0
2026-03-07 19:36:44,898 [INFO] FPS 30.0
2026-03-07 19:36:45,899 [INFO] FPS 30.0
2026-03-07 19:36:46,900 [INFO] FPS 30.0
2026-03-07 19:36:47,901 [INFO] FPS 30.0
2026-03-07 19:36:48,901 [INFO] FPS 30.0
2026-03-07 19:36:49,902 [INFO] FPS 30.0
2026-03-07 19:36:50,903 [INFO] FPS 30.0
2026-03-07 19:36:51,904 [INFO] FPS 30.0
2026-03-07 19:36:52,904 [INFO] FPS 30.0
2026-03-07 19:36:53,905 [INFO] FPS 30.0
2026-03-07 19:36:54,906 [INFO] FPS 30.0
2026-03-07 19:36:55,907 [INFO] FPS 30.0
2026-03-07 19:36:56,907 [INFO] FPS 30.0
2026-03-07 19:36:57,908 [INFO] FPS 30.0
2026-03-07 19:36:58,909 [INFO] FPS 30.0
2026-03-07 19:36:59,910 [INFO] FPS 30.0
2026-03-07 19:37:00,910 [INFO] FPS 30.0
2026-03-07 19:37:01,911 [INFO] FPS 30.0
2026-03-07 19:37:02,912 [INFO] FPS 30.0
2026-03-07 19:37:03,913 [INFO] FPS 30.0
2026-03-07 19:37:04,914 [INFO] FPS 30.0
2026-03-07 19:37:05,915 [INFO] FPS 30.0
2026-03-07 19:41:04,467 [INFO] Stream program started
2026-03-07 19:41:04,473 [INFO] Starting RealSense pipeline
2026-03-07 19:41:04,474 [INFO] Streaming on http://0.0.0.0:8000/stream
2026-03-07 19:41:05,167 [INFO] RealSense pipeline started successfully
2026-03-07 19:41:05,199 [INFO] [31m[1mWARNING: This is a development server. Do not use it in a production deployment. Use a production WSGI server instead.[0m
 * Running on all addresses (0.0.0.0)
 * Running on http://127.0.0.1:8000
 * Running on http://10.0.0.168:8000
2026-03-07 19:41:05,199 [INFO] [33mPress CTRL+C to quit[0m
2026-03-07 19:41:05,643 [INFO] FPS 0.9
2026-03-07 19:41:06,652 [INFO] FPS 29.7
2026-03-07 19:41:07,653 [INFO] FPS 30.0
2026-03-07 19:41:08,686 [INFO] FPS 30.0
2026-03-07 19:41:09,687 [INFO] FPS 30.0
2026-03-07 19:41:10,071 [INFO] MJPEG stream client connected
2026-03-07 19:41:10,071 [INFO] 10.0.0.154 - - [07/Mar/2026 19:41:10] "GET /stream HTTP/1.1" 200 -
2026-03-07 19:41:10,689 [INFO] FPS 29.9
2026-03-07 19:41:11,722 [INFO] FPS 30.0
2026-03-07 19:41:12,723 [INFO] FPS 30.0
2026-03-07 19:41:13,723 [INFO] FPS 30.0
2026-03-07 19:41:14,724 [INFO] FPS 30.0
2026-03-07 19:41:15,865 [WARNING] WARNING camera lost: Frame didn't arrive within 1000, lost_count=1
2026-03-07 19:41:32,700 [WARNING] WARNING camera lost: Device disconnected. Failed to reconnect: No device connected1000, lost_count=2
2026-03-07 19:41:32,701 [WARNING] WARNING camera lost: wait_for_frames cannot be called before start(), lost_count=3
2026-03-07 19:41:32,701 [WARNING] WARNING camera lost: wait_for_frames cannot be called before start(), lost_count=4
2026-03-07 19:41:32,702 [WARNING] WARNING camera lost: wait_for_frames cannot be called before start(), lost_count=5
2026-03-07 19:41:32,702 [WARNING] Camera considered lost, attempting recovery
2026-03-07 19:41:32,702 [WARNING] Restarting RealSense pipeline
2026-03-07 19:41:32,702 [WARNING] Pipeline stop warning: stop() cannot be called before start()
2026-03-07 19:41:34,703 [INFO] Starting RealSense pipeline
2026-03-07 19:41:50,017 [ERROR] Pipeline restart failed: No device connected
2026-03-07 19:41:51,028 [WARNING] WARNING camera lost: wait_for_frames cannot be called before start(), lost_count=6
2026-03-07 19:41:51,029 [WARNING] Camera considered lost, attempting recovery
2026-03-07 19:41:51,029 [WARNING] Restarting RealSense pipeline
2026-03-07 19:41:51,029 [WARNING] Pipeline stop warning: stop() cannot be called before start()
2026-03-07 19:41:53,616 [INFO] Starting RealSense pipeline
2026-03-07 19:42:04,403 [INFO] RealSense pipeline started successfully
2026-03-07 19:42:04,404 [INFO] Pipeline restarted successfully
2026-03-07 19:42:04,861 [INFO] FPS 0.1
2026-03-07 19:42:05,888 [INFO] FPS 30.2
2026-03-07 19:42:06,920 [INFO] FPS 30.1
2026-03-07 19:42:07,920 [INFO] FPS 30.0
2026-03-07 19:42:08,921 [INFO] FPS 30.0
2026-03-07 19:42:09,921 [INFO] FPS 30.0
2026-03-07 19:42:10,921 [INFO] FPS 30.0
2026-03-07 19:42:11,922 [INFO] FPS 30.0
